]0;~/Dropbox/R_projects/r_data_mining[?1034hMac-di-Andrea:r_data_mining andrea_cirillo$ [KMac-di-Andrea:r_data_mining andrea_cirillo$ git status
On branch master
Your branch is up-to-date with 'origin/master'.
Changes not staged for commit:
  (use "git add/rm <file>..." to update what will be committed)
  (use "git checkout -- <file>..." to discard changes in working directory)

	[31mdeleted:    data/dati_ews_10gen2017_integrata.sas7bdat[m
	[31mdeleted:    data/dati_ews_10gen2017_integrata.xlsx[m
	[31mdeleted:    data/p17_campione_sof_mod_final_2.sas7bdat[m

Untracked files:
  (use "git add <file>..." to include in what will be committed)

	[31m.Rhistory[m
	[31m.Rproj.user/[m
	[31mr_data_mining.Rproj[m

no changes added to commit (use "git add" and/or "git commit -a")
]0;~/Dropbox/R_projects/r_data_miningMac-di-Andrea:r_data_mining andrea_cirillo$ git add -A
]0;~/Dropbox/R_projects/r_data_miningMac-di-Andrea:r_data_mining andrea_cirillo$ git add am "added pro[K[K[Krpo[Kroh[Kj and cel[K[Kleand data folder"
fatal: pathspec 'am' did not match any files
]0;~/Dropbox/R_projects/r_data_miningMac-di-Andrea:r_data_mining andrea_cirillo$ git add am "added rproj and cleand data folder"[C[C[C[C[C[1@a[1P[1@-
error: unknown switch `a'
usage: git add [<options>] [--] <pathspec>...

    -n, --dry-run         dry run
    -v, --verbose         be verbose

    -i, --interactive     interactive picking
    -p, --patch           select hunks interactively
    -e, --edit            edit current diff and apply
    -f, --force           allow adding otherwise ignored files
    -u, --update          update tracked files
    -N, --intent-to-add   record only the fact that the path will be added later
    -A, --all             add changes from all tracked and untracked files
    --ignore-removal      ignore paths removed in the working tree (same as --no-all)
    --refresh             don't add, only refresh the index
    --ignore-errors       just skip files which cannot be added because of errors
    --ignore-missing      check if - even missing - files are ignored in dry run

]0;~/Dropbox/R_projects/r_data_miningMac-di-Andrea:r_data_mining andrea_cirillo$ git add -am "added rproj and cleand data folder"[1P[C[C[C[C[C[C[C[C[C[C[C[C[C[C[C[C[C[C[C[C[C[C[C[C[C[C[C[C[C[C[C[C[C[C[C[C[C[C[C[1@-[C[C[C[C[C[C[C[C[C[C[C[C[C[C[C[C[C[C[C[C[C[C[C[C[C[C[C[C[C[C[C[C[C[C[C[C[C[C[C[1P[1P[1P[1@v[1@c[1@o[1@m[1@m[1@i[1P[1P[1P[1P[1P[1P[1@c[1@o[1@m[1@m[1@i[1@t
[master 9d8eff7] added rproj and cleand data folder
 28 files changed, 717 insertions(+)
 create mode 100644 .Rhistory
 create mode 100644 .Rproj.user/A16E1F5C/console06/15350E2A
 create mode 100644 .Rproj.user/A16E1F5C/console06/INDEX001
 create mode 100644 .Rproj.user/A16E1F5C/sources/prop/2C1247A7
 create mode 100644 .Rproj.user/A16E1F5C/sources/prop/54155B5F
 create mode 100644 .Rproj.user/A16E1F5C/sources/prop/62BDFCF0
 create mode 100644 .Rproj.user/A16E1F5C/sources/prop/6AA895DA
 create mode 100644 .Rproj.user/A16E1F5C/sources/prop/A947C017
 create mode 100644 .Rproj.user/A16E1F5C/sources/prop/B94B5060
 create mode 100644 .Rproj.user/A16E1F5C/sources/prop/INDEX
 create mode 100644 .Rproj.user/A16E1F5C/sources/s-BC10977/490F49F6
 create mode 100644 .Rproj.user/A16E1F5C/sources/s-BC10977/490F49F6-contents
 create mode 100644 .Rproj.user/A16E1F5C/sources/s-BC10977/7AD0FB30
 create mode 100644 .Rproj.user/A16E1F5C/sources/s-BC10977/7AD0FB30-contents
 create mode 100644 .Rproj.user/A16E1F5C/sources/s-BC10977/95D2D418
 create mode 100644 .Rproj.user/A16E1F5C/sources/s-BC10977/95D2D418-contents
 create mode 100644 .Rproj.user/A16E1F5C/sources/s-BC10977/9B258E0F
 create mode 100644 .Rproj.user/A16E1F5C/sources/s-BC10977/9B258E0F-contents
 create mode 100644 .Rproj.user/A16E1F5C/sources/s-BC10977/AC71E162
 create mode 100644 .Rproj.user/A16E1F5C/sources/s-BC10977/AC71E162-contents
 create mode 100644 .Rproj.user/A16E1F5C/sources/s-BC10977/B7F82682
 create mode 100644 .Rproj.user/A16E1F5C/sources/s-BC10977/B7F82682-contents
 create mode 100644 .Rproj.user/A16E1F5C/sources/s-BC10977/lock_file
 create mode 100644 .Rproj.user/shared/notebooks/patch-chunk-names
 delete mode 100644 data/dati_ews_10gen2017_integrata.sas7bdat
 delete mode 100644 data/dati_ews_10gen2017_integrata.xlsx
 delete mode 100644 data/p17_campione_sof_mod_final_2.sas7bdat
 create mode 100644 r_data_mining.Rproj
]0;~/Dropbox/R_projects/r_data_miningMac-di-Andrea:r_data_mining andrea_cirillo$ git push
Counting objects: 27, done.
Delta compression using up to 4 threads.
Compressing objects:   4% (1/23)   Compressing objects:   8% (2/23)   Compressing objects:  13% (3/23)   Compressing objects:  17% (4/23)   Compressing objects:  21% (5/23)   Compressing objects:  26% (6/23)   Compressing objects:  30% (7/23)   Compressing objects:  34% (8/23)   Compressing objects:  39% (9/23)   Compressing objects:  43% (10/23)   Compressing objects:  47% (11/23)   Compressing objects:  52% (12/23)   Compressing objects:  56% (13/23)   Compressing objects:  60% (14/23)   Compressing objects:  65% (15/23)   Compressing objects:  69% (16/23)   Compressing objects:  73% (17/23)   Compressing objects:  78% (18/23)   Compressing objects:  82% (19/23)   Compressing objects:  86% (20/23)   Compressing objects:  91% (21/23)   Compressing objects:  95% (22/23)   Compressing objects: 100% (23/23)   Compressing objects: 100% (23/23), done.
Writing objects:   3% (1/27)   Writing objects:   7% (2/27)   Writing objects:  11% (3/27)   Writing objects:  14% (4/27)   Writing objects:  18% (5/27)   Writing objects:  22% (6/27)   Writing objects:  25% (7/27)   Writing objects:  29% (8/27)   Writing objects:  33% (9/27)   Writing objects:  37% (10/27)   Writing objects:  40% (11/27)   Writing objects:  44% (12/27)   Writing objects:  48% (13/27)   Writing objects:  51% (14/27)   Writing objects:  55% (15/27)   Writing objects:  59% (16/27)   Writing objects:  66% (18/27)   Writing objects:  70% (19/27)   Writing objects:  74% (20/27)   Writing objects:  77% (21/27)   Writing objects:  81% (22/27)   Writing objects:  85% (23/27)   Writing objects:  88% (24/27)   Writing objects:  92% (25/27)   Writing objects:  96% (26/27)   Writing objects: 100% (27/27)   Writing objects: 100% (27/27), 4.65 KiB | 0 bytes/s, done.
Total 27 (delta 7), reused 0 (delta 0)
remote: Resolving deltas:   0% (0/7)   [Kremote: Resolving deltas:  71% (5/7)   [Kremote: Resolving deltas:  85% (6/7)   [Kremote: Resolving deltas: 100% (7/7)   [Kremote: Resolving deltas: 100% (7/7), completed with 2 local objects.[K
To https://github.com/AndreaCirilloAC/r_data_mining.git
   499631c..9d8eff7  master -> master
]0;~/Dropbox/R_projects/r_data_mining[?1034hMac-di-Andrea:r_data_mining andrea_cirillo$ git status
On branch master
Your branch is up-to-date with 'origin/master'.
Changes not staged for commit:
  (use "git add/rm <file>..." to update what will be committed)
  (use "git checkout -- <file>..." to discard changes in working directory)

	[31mmodified:   .Rproj.user/A16E1F5C/console06/15350E2A[m
	[31mmodified:   .Rproj.user/A16E1F5C/console06/INDEX001[m
	[31mmodified:   .Rproj.user/A16E1F5C/sources/prop/2C1247A7[m
	[31mmodified:   .Rproj.user/A16E1F5C/sources/prop/INDEX[m
	[31mdeleted:    .Rproj.user/A16E1F5C/sources/s-BC10977/490F49F6[m
	[31mdeleted:    .Rproj.user/A16E1F5C/sources/s-BC10977/490F49F6-contents[m
	[31mdeleted:    .Rproj.user/A16E1F5C/sources/s-BC10977/7AD0FB30[m
	[31mdeleted:    .Rproj.user/A16E1F5C/sources/s-BC10977/7AD0FB30-contents[m
	[31mdeleted:    .Rproj.user/A16E1F5C/sources/s-BC10977/95D2D418[m
	[31mdeleted:    .Rproj.user/A16E1F5C/sources/s-BC10977/95D2D418-contents[m
	[31mdeleted:    .Rproj.user/A16E1F5C/sources/s-BC10977/9B258E0F[m
	[31mdeleted:    .Rproj.user/A16E1F5C/sources/s-BC10977/9B258E0F-contents[m
	[31mdeleted:    .Rproj.user/A16E1F5C/sources/s-BC10977/AC71E162[m
	[31mdeleted:    .Rproj.user/A16E1F5C/sources/s-BC10977/AC71E162-contents[m
	[31mdeleted:    .Rproj.user/A16E1F5C/sources/s-BC10977/B7F82682[m
	[31mdeleted:    .Rproj.user/A16E1F5C/sources/s-BC10977/B7F82682-contents[m
	[31mdeleted:    .Rproj.user/A16E1F5C/sources/s-BC10977/lock_file[m
	[31mmodified:   chapter_10.R[m

Untracked files:
  (use "git add <file>..." to include in what will be committed)

	[31m.gitignore[m
	[31mchapter_11.R[m

no changes added to commit (use "git add" and/or "git commit -a")
]0;~/Dropbox/R_projects/r_data_miningMac-di-Andrea:r_data_mining andrea_cirillo$ git add chapter_11.R
]0;~/Dropbox/R_projects/r_data_miningMac-di-Andrea:r_data_mining andrea_cirillo$ git commit -am "ade[Kded chapter 11"