]0;~/Dropbox/R_projects/r_data_mining[?1034hMac-di-Andrea:r_data_mining andrea_cirillo$ [KMac-di-Andrea:r_data_mining andrea_cirillo$ git status
On branch master
Your branch is up-to-date with 'origin/master'.
Changes not staged for commit:
  (use "git add/rm <file>..." to update what will be committed)
  (use "git checkout -- <file>..." to discard changes in working directory)

	[31mdeleted:    data/dati_ews_10gen2017_integrata.sas7bdat[m
	[31mdeleted:    data/dati_ews_10gen2017_integrata.xlsx[m
	[31mdeleted:    data/p17_campione_sof_mod_final_2.sas7bdat[m

Untracked files:
  (use "git add <file>..." to include in what will be committed)

	[31m.Rhistory[m
	[31m.Rproj.user/[m
	[31mr_data_mining.Rproj[m

no changes added to commit (use "git add" and/or "git commit -a")
]0;~/Dropbox/R_projects/r_data_miningMac-di-Andrea:r_data_mining andrea_cirillo$ git add -A
]0;~/Dropbox/R_projects/r_data_miningMac-di-Andrea:r_data_mining andrea_cirillo$ git add am "added pro[K[K[Krpo[Kroh[Kj and cel[K[Kleand data folder"
fatal: pathspec 'am' did not match any files
]0;~/Dropbox/R_projects/r_data_miningMac-di-Andrea:r_data_mining andrea_cirillo$ git add am "added rproj and cleand data folder"[C[C[C[C[C[1@a[1P[1@-
error: unknown switch `a'
usage: git add [<options>] [--] <pathspec>...

    -n, --dry-run         dry run
    -v, --verbose         be verbose

    -i, --interactive     interactive picking
    -p, --patch           select hunks interactively
    -e, --edit            edit current diff and apply
    -f, --force           allow adding otherwise ignored files
    -u, --update          update tracked files
    -N, --intent-to-add   record only the fact that the path will be added later
    -A, --all             add changes from all tracked and untracked files
    --ignore-removal      ignore paths removed in the working tree (same as --no-all)
    --refresh             don't add, only refresh the index
    --ignore-errors       just skip files which cannot be added because of errors
    --ignore-missing      check if - even missing - files are ignored in dry run

]0;~/Dropbox/R_projects/r_data_miningMac-di-Andrea:r_data_mining andrea_cirillo$ git add -am "added rproj and cleand data folder"[1P[C[C[C[C[C[C[C[C[C[C[C[C[C[C[C[C[C[C[C[C[C[C[C[C[C[C[C[C[C[C[C[C[C[C[C[C[C[C[C[1@-[C[C[C[C[C[C[C[C[C[C[C[C[C[C[C[C[C[C[C[C[C[C[C[C[C[C[C[C[C[C[C[C[C[C[C[C[C[C[C[1P[1P[1P[1@v[1@c[1@o[1@m[1@m[1@i[1P[1P[1P[1P[1P[1P[1@c[1@o[1@m[1@m[1@i[1@t
[master 9d8eff7] added rproj and cleand data folder
 28 files changed, 717 insertions(+)
 create mode 100644 .Rhistory
 create mode 100644 .Rproj.user/A16E1F5C/console06/15350E2A
 create mode 100644 .Rproj.user/A16E1F5C/console06/INDEX001
 create mode 100644 .Rproj.user/A16E1F5C/sources/prop/2C1247A7
 create mode 100644 .Rproj.user/A16E1F5C/sources/prop/54155B5F
 create mode 100644 .Rproj.user/A16E1F5C/sources/prop/62BDFCF0
 create mode 100644 .Rproj.user/A16E1F5C/sources/prop/6AA895DA
 create mode 100644 .Rproj.user/A16E1F5C/sources/prop/A947C017
 create mode 100644 .Rproj.user/A16E1F5C/sources/prop/B94B5060
 create mode 100644 .Rproj.user/A16E1F5C/sources/prop/INDEX
 create mode 100644 .Rproj.user/A16E1F5C/sources/s-BC10977/490F49F6
 create mode 100644 .Rproj.user/A16E1F5C/sources/s-BC10977/490F49F6-contents
 create mode 100644 .Rproj.user/A16E1F5C/sources/s-BC10977/7AD0FB30
 create mode 100644 .Rproj.user/A16E1F5C/sources/s-BC10977/7AD0FB30-contents
 create mode 100644 .Rproj.user/A16E1F5C/sources/s-BC10977/95D2D418
 create mode 100644 .Rproj.user/A16E1F5C/sources/s-BC10977/95D2D418-contents
 create mode 100644 .Rproj.user/A16E1F5C/sources/s-BC10977/9B258E0F
 create mode 100644 .Rproj.user/A16E1F5C/sources/s-BC10977/9B258E0F-contents
 create mode 100644 .Rproj.user/A16E1F5C/sources/s-BC10977/AC71E162
 create mode 100644 .Rproj.user/A16E1F5C/sources/s-BC10977/AC71E162-contents
 create mode 100644 .Rproj.user/A16E1F5C/sources/s-BC10977/B7F82682
 create mode 100644 .Rproj.user/A16E1F5C/sources/s-BC10977/B7F82682-contents
 create mode 100644 .Rproj.user/A16E1F5C/sources/s-BC10977/lock_file
 create mode 100644 .Rproj.user/shared/notebooks/patch-chunk-names
 delete mode 100644 data/dati_ews_10gen2017_integrata.sas7bdat
 delete mode 100644 data/dati_ews_10gen2017_integrata.xlsx
 delete mode 100644 data/p17_campione_sof_mod_final_2.sas7bdat
 create mode 100644 r_data_mining.Rproj
]0;~/Dropbox/R_projects/r_data_miningMac-di-Andrea:r_data_mining andrea_cirillo$ git push
Counting objects: 27, done.
Delta compression using up to 4 threads.
Compressing objects:   4% (1/23)   Compressing objects:   8% (2/23)   Compressing objects:  13% (3/23)   Compressing objects:  17% (4/23)   Compressing objects:  21% (5/23)   Compressing objects:  26% (6/23)   Compressing objects:  30% (7/23)   Compressing objects:  34% (8/23)   Compressing objects:  39% (9/23)   Compressing objects:  43% (10/23)   Compressing objects:  47% (11/23)   Compressing objects:  52% (12/23)   Compressing objects:  56% (13/23)   Compressing objects:  60% (14/23)   Compressing objects:  65% (15/23)   Compressing objects:  69% (16/23)   Compressing objects:  73% (17/23)   Compressing objects:  78% (18/23)   Compressing objects:  82% (19/23)   Compressing objects:  86% (20/23)   Compressing objects:  91% (21/23)   Compressing objects:  95% (22/23)   Compressing objects: 100% (23/23)   Compressing objects: 100% (23/23), done.
Writing objects:   3% (1/27)   Writing objects:   7% (2/27)   Writing objects:  11% (3/27)   Writing objects:  14% (4/27)   Writing objects:  18% (5/27)   Writing objects:  22% (6/27)   Writing objects:  25% (7/27)   Writing objects:  29% (8/27)   Writing objects:  33% (9/27)   Writing objects:  37% (10/27)   Writing objects:  40% (11/27)   Writing objects:  44% (12/27)   Writing objects:  48% (13/27)   Writing objects:  51% (14/27)   Writing objects:  55% (15/27)   Writing objects:  59% (16/27)   Writing objects:  66% (18/27)   Writing objects:  70% (19/27)   Writing objects:  74% (20/27)   Writing objects:  77% (21/27)   Writing objects:  81% (22/27)   Writing objects:  85% (23/27)   Writing objects:  88% (24/27)   Writing objects:  92% (25/27)   Writing objects:  96% (26/27)   Writing objects: 100% (27/27)   Writing objects: 100% (27/27), 4.65 KiB | 0 bytes/s, done.
Total 27 (delta 7), reused 0 (delta 0)
remote: Resolving deltas:   0% (0/7)   [Kremote: Resolving deltas:  71% (5/7)   [Kremote: Resolving deltas:  85% (6/7)   [Kremote: Resolving deltas: 100% (7/7)   [Kremote: Resolving deltas: 100% (7/7), completed with 2 local objects.[K
To https://github.com/AndreaCirilloAC/r_data_mining.git
   499631c..9d8eff7  master -> master
]0;~/Dropbox/R_projects/r_data_mining[?1034hMac-di-Andrea:r_data_mining andrea_cirillo$ git status
On branch master
Your branch is up-to-date with 'origin/master'.
Changes not staged for commit:
  (use "git add/rm <file>..." to update what will be committed)
  (use "git checkout -- <file>..." to discard changes in working directory)

	[31mmodified:   .Rproj.user/A16E1F5C/console06/15350E2A[m
	[31mmodified:   .Rproj.user/A16E1F5C/console06/INDEX001[m
	[31mmodified:   .Rproj.user/A16E1F5C/sources/prop/2C1247A7[m
	[31mmodified:   .Rproj.user/A16E1F5C/sources/prop/INDEX[m
	[31mdeleted:    .Rproj.user/A16E1F5C/sources/s-BC10977/490F49F6[m
	[31mdeleted:    .Rproj.user/A16E1F5C/sources/s-BC10977/490F49F6-contents[m
	[31mdeleted:    .Rproj.user/A16E1F5C/sources/s-BC10977/7AD0FB30[m
	[31mdeleted:    .Rproj.user/A16E1F5C/sources/s-BC10977/7AD0FB30-contents[m
	[31mdeleted:    .Rproj.user/A16E1F5C/sources/s-BC10977/95D2D418[m
	[31mdeleted:    .Rproj.user/A16E1F5C/sources/s-BC10977/95D2D418-contents[m
	[31mdeleted:    .Rproj.user/A16E1F5C/sources/s-BC10977/9B258E0F[m
	[31mdeleted:    .Rproj.user/A16E1F5C/sources/s-BC10977/9B258E0F-contents[m
	[31mdeleted:    .Rproj.user/A16E1F5C/sources/s-BC10977/AC71E162[m
	[31mdeleted:    .Rproj.user/A16E1F5C/sources/s-BC10977/AC71E162-contents[m
	[31mdeleted:    .Rproj.user/A16E1F5C/sources/s-BC10977/B7F82682[m
	[31mdeleted:    .Rproj.user/A16E1F5C/sources/s-BC10977/B7F82682-contents[m
	[31mdeleted:    .Rproj.user/A16E1F5C/sources/s-BC10977/lock_file[m
	[31mmodified:   chapter_10.R[m

Untracked files:
  (use "git add <file>..." to include in what will be committed)

	[31m.gitignore[m
	[31mchapter_11.R[m

no changes added to commit (use "git add" and/or "git commit -a")
]0;~/Dropbox/R_projects/r_data_miningMac-di-Andrea:r_data_mining andrea_cirillo$ git add chapter_11.R
]0;~/Dropbox/R_projects/r_data_miningMac-di-Andrea:r_data_mining andrea_cirillo$ git commit -am "ade[Kded chapter 11"
[master 45f8469] added chapter 11
 19 files changed, 90 insertions(+), 642 deletions(-)
 rewrite .Rproj.user/A16E1F5C/console06/INDEX001 (86%)
 delete mode 100644 .Rproj.user/A16E1F5C/sources/s-BC10977/490F49F6
 delete mode 100644 .Rproj.user/A16E1F5C/sources/s-BC10977/490F49F6-contents
 delete mode 100644 .Rproj.user/A16E1F5C/sources/s-BC10977/7AD0FB30
 delete mode 100644 .Rproj.user/A16E1F5C/sources/s-BC10977/7AD0FB30-contents
 delete mode 100644 .Rproj.user/A16E1F5C/sources/s-BC10977/95D2D418
 delete mode 100644 .Rproj.user/A16E1F5C/sources/s-BC10977/95D2D418-contents
 delete mode 100644 .Rproj.user/A16E1F5C/sources/s-BC10977/9B258E0F
 delete mode 100644 .Rproj.user/A16E1F5C/sources/s-BC10977/9B258E0F-contents
 delete mode 100644 .Rproj.user/A16E1F5C/sources/s-BC10977/AC71E162
 delete mode 100644 .Rproj.user/A16E1F5C/sources/s-BC10977/AC71E162-contents
 delete mode 100644 .Rproj.user/A16E1F5C/sources/s-BC10977/B7F82682
 delete mode 100644 .Rproj.user/A16E1F5C/sources/s-BC10977/B7F82682-contents
 delete mode 100644 .Rproj.user/A16E1F5C/sources/s-BC10977/lock_file
 create mode 100644 chapter_11.R
]0;~/Dropbox/R_projects/r_data_miningMac-di-Andrea:r_data_mining andrea_cirillo$ git push
Counting objects: 11, done.
Delta compression using up to 4 threads.
Compressing objects:  11% (1/9)   Compressing objects:  22% (2/9)   Compressing objects:  33% (3/9)   Compressing objects:  44% (4/9)   Compressing objects:  55% (5/9)   Compressing objects:  66% (6/9)   Compressing objects:  77% (7/9)   Compressing objects:  88% (8/9)   Compressing objects: 100% (9/9)   Compressing objects: 100% (9/9), done.
Writing objects:   9% (1/11)   Writing objects:  18% (2/11)   Writing objects:  27% (3/11)   Writing objects:  36% (4/11)   Writing objects:  45% (5/11)   Writing objects:  54% (6/11)   Writing objects:  63% (7/11)   Writing objects:  72% (8/11)   Writing objects:  81% (9/11)   Writing objects:  90% (10/11)   Writing objects: 100% (11/11)   Writing objects: 100% (11/11), 2.71 KiB | 0 bytes/s, done.
Total 11 (delta 4), reused 0 (delta 0)
remote: Resolving deltas:   0% (0/4)   [Kremote: Resolving deltas:  25% (1/4)   [Kremote: Resolving deltas:  50% (2/4)   [Kremote: Resolving deltas:  75% (3/4)   [Kremote: Resolving deltas: 100% (4/4)   [Kremote: Resolving deltas: 100% (4/4), completed with 4 local objects.[K
To https://github.com/AndreaCirilloAC/r_data_mining.git
   9d8eff7..45f8469  master -> master
]0;~/Dropbox/R_projects/r_data_miningMac-di-Andrea:r_data_mining andrea_cirillo$ cd ..
]0;~/Dropbox/R_projectsMac-di-Andrea:R_projects andrea_cirillo$ ls
Afraus						google_ranker
Anomalie Personale Viaggiante			google_ranker_app
BDINTESA2					installr
BenfordeR					ludo
Costi non deducibili				mutuo
Rstudio for R statistical computing cookbook	new
TweetIT						paletter
active_projects					r_data_mining
adsl						r_datamining
analisi_AET_Italia				ramazon
analisi_cdc					ramazon.Rcheck
analisi_scostamenti				random_bucket_simulator
analytics_insight				scales
baselguys.github.io				search_engine
bucket_simulator				source_from_rmd
chess_books					spesa
credit_risk.R					suicides
data_stories_script.R				text_data_mining
dataviz						the_data_fitter
default_history_author				trip_flow
default_history_author.zip			twitter_analysis
eba_report.Rmd					txt_cleaner
eba_report.html					updateR
eba_rules					updateR_0.1.tar.gz
eba_watchdog					utilities
euro_2016_stat					workfloweR
]0;~/Dropbox/R_projectsMac-di-Andrea:R_projects andrea_cirillo$ cd r_datamining/
]0;~/Dropbox/R_projects/r_dataminingMac-di-Andrea:r_datamining andrea_cirillo$ ls
10_company_revenues_logistic.png	chatper_8.R
7_fitted_vs_residual_colour.jpeg	cheatsheets
7_fitted_vs_residuals_bw.jpeg		customer_list.txt
7_r_squared_pcr.png			data
8_r_squared_pcr.png			equations.html
Rplot.jpeg				experiment.txt
Rplot01.jpeg				experimental.tct
blocco_pulizia_dati.Rmd			experimental.txt
blocco_pulizia_dati_update.Rmd		figures
blocco_pulizia_dati_update.nb.html	firs_r_script.R
chapter_1.R				first_r_script.R
chapter_10.R				models_fitting.R
chapter_2.R				number_of_pacakges.R
chapter_5.R				old
chapter_6.R				plot.R
chapter_7.R				r_datamining.Rproj
chapter_9.R				stored_data.rds
]0;~/Dropbox/R_projects/r_dataminingMac-di-Andrea:r_datamining andrea_cirillo$ open models_fitting.R 
]0;~/Dropbox/R_projects/r_dataminingMac-di-Andrea:r_datamining andrea_cirillo$ git status
On branch master
Changes not staged for commit:
  (use "git add/rm <file>..." to update what will be committed)
  (use "git checkout -- <file>..." to discard changes in working directory)

	[31mmodified:   .RData[m
	[31mmodified:   .Rhistory[m
	[31mmodified:   .Rproj.user/A16E1F5C/console06/918C6779[m
	[31mmodified:   .Rproj.user/A16E1F5C/console06/918C6779.env[m
	[31mmodified:   .Rproj.user/A16E1F5C/console06/INDEX001[m
	[31mmodified:   .Rproj.user/A16E1F5C/pcs/files-pane.pper[m
	[31mmodified:   .Rproj.user/A16E1F5C/pcs/source-pane.pper[m
	[31mmodified:   .Rproj.user/A16E1F5C/pcs/source-window.pper[m
	[31mmodified:   .Rproj.user/A16E1F5C/pcs/windowlayoutstate.pper[m
	[31mmodified:   .Rproj.user/A16E1F5C/pcs/workbench-pane.pper[m
	[31mmodified:   .Rproj.user/A16E1F5C/rmd-outputs[m
	[31mdeleted:    .Rproj.user/A16E1F5C/sources/per/t/240A6274[m
	[31mdeleted:    .Rproj.user/A16E1F5C/sources/per/t/240A6274-contents[m
	[31mdeleted:    .Rproj.user/A16E1F5C/sources/per/t/6EF14350[m
	[31mdeleted:    .Rproj.user/A16E1F5C/sources/per/t/6EF14350-contents[m
	[31mdeleted:    .Rproj.user/A16E1F5C/sources/per/t/7B0C3BBC[m
	[31mdeleted:    .Rproj.user/A16E1F5C/sources/per/t/7B0C3BBC-contents[m
	[31mdeleted:    .Rproj.user/A16E1F5C/sources/per/t/9305555D[m
	[31mdeleted:    .Rproj.user/A16E1F5C/sources/per/t/9305555D-contents[m
	[31mdeleted:    .Rproj.user/A16E1F5C/sources/per/t/C2FAEDA3[m
	[31mdeleted:    .Rproj.user/A16E1F5C/sources/per/t/C2FAEDA3-contents[m
	[31mdeleted:    .Rproj.user/A16E1F5C/sources/per/t/C7EC98FA[m
	[31mdeleted:    .Rproj.user/A16E1F5C/sources/per/t/C7EC98FA-contents[m
	[31mdeleted:    .Rproj.user/A16E1F5C/sources/per/t/F61BAF45[m
	[31mdeleted:    .Rproj.user/A16E1F5C/sources/per/t/F61BAF45-contents[m
	[31mmodified:   .Rproj.user/A16E1F5C/sources/prop/23471CD5[m
	[31mmodified:   .Rproj.user/A16E1F5C/sources/prop/6BDBCDF4[m
	[31mmodified:   .Rproj.user/A16E1F5C/sources/prop/B1DD71FB[m
	[31mmodified:   .Rproj.user/A16E1F5C/sources/prop/INDEX[m
	[31mdeleted:    .Rproj.user/A16E1F5C/sources/s-5BD73C0F/18FAA55E[m
	[31mdeleted:    .Rproj.user/A16E1F5C/sources/s-5BD73C0F/18FAA55E-contents[m
	[31mdeleted:    .Rproj.user/A16E1F5C/sources/s-5BD73C0F/6B601891-contents[m
	[31mdeleted:    .Rproj.user/A16E1F5C/sources/s-5BD73C0F/A9C048A8[m
	[31mdeleted:    .Rproj.user/A16E1F5C/sources/s-5BD73C0F/A9C048A8-contents[m
	[31mdeleted:    .Rproj.user/A16E1F5C/sources/s-5BD73C0F/BD1DF775[m
	[31mdeleted:    .Rproj.user/A16E1F5C/sources/s-5BD73C0F/BD1DF775-contents[m
	[31mdeleted:    .Rproj.user/A16E1F5C/sources/s-5BD73C0F/lock_file[m
	[31mdeleted:    .Rproj.user/A16E1F5C/viewer-cache/238E08A3.Rdata[m
	[31mdeleted:    .Rproj.user/shared/notebooks/A60CCA86-equations/1/A16E1F5C/chunks.json[m
	[31mdeleted:    .Rproj.user/shared/notebooks/A60CCA86-equations/1/s/chunks.json[m
	[31mmodified:   chapter_10.R[m
	[31mmodified:   models_fitting.R[m

Untracked files:
  (use "git add <file>..." to include in what will be committed)

	[31m.Rproj.user/A16E1F5C/console06/375D4448[m
	[31m.Rproj.user/A16E1F5C/sources/prop/3C78C043[m
	[31m.Rproj.user/A16E1F5C/sources/s-EB21BCCF/[m
	[31m.Rproj.user/A16E1F5C/viewer-cache/B7F5C56E.Rdata[m
	[31m10_company_revenues_logistic.png[m
	[31mfigures/grafiche_rdatamining/[m
	[31mfigures/grafiche_rdatamining_/[m

no changes added to commit (use "git add" and/or "git commit -a")
]0;~/Dropbox/R_projects/r_dataminingMac-di-Andrea:r_datamining andrea_cirillo$ git add "[Kchapter_11.R
fatal: pathspec 'chapter_11.R' did not match any files
]0;~/Dropbox/R_projects/r_dataminingMac-di-Andrea:r_datamining andrea_cirillo$ gi[K[Kcd ../ra_[K[K_Data[K[K[K[Kdata_mining/
]0;~/Dropbox/R_projects/r_data_miningMac-di-Andrea:r_data_mining andrea_cirillo$ cd [K[K[Kgit add chapter_11.R 
]0;~/Dropbox/R_projects/r_data_miningMac-di-Andrea:r_data_mining andrea_cirillo$ git commit -am"[K [K[K[Km "introduced rf passing categao[K[Koi[Krical as factors"
[master 27b9063] introduced rf passing categorical as factors
 1 file changed, 12 insertions(+)
]0;~/Dropbox/R_projects/r_data_miningMac-di-Andrea:r_data_mining andrea_cirillo$ git push
Counting objects: 3, done.
Delta compression using up to 4 threads.
Compressing objects:  33% (1/3)   Compressing objects:  66% (2/3)   Compressing objects: 100% (3/3)   Compressing objects: 100% (3/3), done.
Writing objects:  33% (1/3)   Writing objects:  66% (2/3)   Writing objects: 100% (3/3)   Writing objects: 100% (3/3), 605 bytes | 0 bytes/s, done.
Total 3 (delta 1), reused 0 (delta 0)
remote: Resolving deltas:   0% (0/1)   [Kremote: Resolving deltas: 100% (1/1)   [Kremote: Resolving deltas: 100% (1/1), completed with 1 local object.[K
To https://github.com/AndreaCirilloAC/r_data_mining.git
   45f8469..27b9063  master -> master
]0;~/Dropbox/R_projects/r_data_miningMac-di-Andrea:r_data_mining andrea_cirillo$ git add [K[K[K[Kstatus
On branch master
Your branch is up-to-date with 'origin/master'.
Changes not staged for commit:
  (use "git add <file>..." to update what will be committed)
  (use "git checkout -- <file>..." to discard changes in working directory)

	[31mmodified:   .Rproj.user/A16E1F5C/console06/15350E2A[m
	[31mmodified:   .Rproj.user/A16E1F5C/console06/INDEX001[m
	[31mmodified:   .Rproj.user/A16E1F5C/sources/prop/B94B5060[m
	[31mmodified:   .Rproj.user/A16E1F5C/sources/prop/INDEX[m
	[31mmodified:   chapter_11.R[m
	[31mmodified:   chapter_7.R[m

Untracked files:
  (use "git add <file>..." to include in what will be committed)

	[31m.gitignore[m

no changes added to commit (use "git add" and/or "git commit -a")
]0;~/Dropbox/R_projects/r_data_miningMac-di-Andrea:r_data_mining andrea_cirillo$ git add -[Kchapter_11.R 
]0;~/Dropbox/R_projects/r_data_miningMac-di-Andrea:r_data_mining andrea_cirillo$ i[Kgit commit -m"[K "stable version of the model"
[master 9802139] stable version of the model
 1 file changed, 8 insertions(+), 4 deletions(-)
]0;~/Dropbox/R_projects/r_data_miningMac-di-Andrea:r_data_mining andrea_cirillo$ [KMac-di-Andrea:r_data_mining andrea_cirillo$ cd ..[K[K[K[K[Kpwd
/Users/andrea_cirillo/Dropbox/R_projects/r_data_mining
]0;~/Dropbox/R_projects/r_data_miningMac-di-Andrea:r_data_mining andrea_cirillo$ cd ..
]0;~/Dropbox/R_projectsMac-di-Andrea:R_projects andrea_cirillo$ ls eq[K[K[K[K[Kcd equa[K[K[K[K[K[K[Kls
Afraus
Anomalie Personale Viaggiante
BDINTESA2
BenfordeR
Costi non deducibili
Rstudio for R statistical computing cookbook
TweetIT
active_projects
adsl
analisi_AET_Italia
analisi_cdc
analisi_scostamenti
analytics_insight
baselguys.github.io
bucket_simulator
chess_books
credit_risk.R
data_stories_script.R
dataviz
default_history_author
default_history_author.zip
eba_report.Rmd
eba_report.html
eba_rules
eba_watchdog
euro_2016_stat
google_ranker
google_ranker_app
installr
ludo
mutuo
new
paletter
r_data_mining
r_datamining
ramazon
ramazon.Rcheck
random_bucket_simulator
scales
search_engine
source_from_rmd
spesa
suicides
text_data_mining
the_data_fitter
trip_flow
twitter_analysis
txt_cleaner
updateR
updateR_0.1.tar.gz
utilities
workfloweR
]0;~/Dropbox/R_projectsMac-di-Andrea:R_projects andrea_cirillo$ cd rau[K[K[K[Kea[K[K e[K[K[K[Kpwd
/Users/andrea_cirillo/Dropbox/R_projects
]0;~/Dropbox/R_projectsMac-di-Andrea:R_projects andrea_cirillo$ cd w[Kequatio[K[K[K[K[K[K[K[K[K[Kcd ..
]0;~/DropboxMac-di-Andrea:Dropbox andrea_cirillo$ ls
Cartella del team Casa	archivio_old		prova.txt
Icon?			css_projects		py_projects
R_projects		development		vb_projects
]0;~/DropboxMac-di-Andrea:Dropbox andrea_cirillo$ cd development/
]0;~/Dropbox/developmentMac-di-Andrea:development andrea_cirillo$ cd equations/
]0;~/Dropbox/development/equationsMac-di-Andrea:equations andrea_cirillo$ ls
README.md	equations.Rmd	equations.html
]0;~/Dropbox/development/equationsMac-di-Andrea:equations andrea_cirillo$ open equations.rm[K[KRmd 
]0;~/Dropbox/development/equationsMac-di-Andrea:equations andrea_cirillo$ cd ../../eq[K[K[K[K[Keq[K[Kdeve[K[K[K[K../development/equations/
]0;~/Dropbox/development/equationsMac-di-Andrea:equations andrea_cirillo$ it [K[K[Kgit status
On branch master
Your branch is up-to-date with 'origin/master'.
Changes not staged for commit:
  (use "git add <file>..." to update what will be committed)
  (use "git checkout -- <file>..." to discard changes in working directory)

	[31mmodified:   equations.Rmd[m

Untracked files:
  (use "git add <file>..." to include in what will be committed)

	[31mequations.html[m

no changes added to commit (use "git add" and/or "git commit -a")
]0;~/Dropbox/development/equationsMac-di-Andrea:equations andrea_cirillo$ git add -A
]0;~/Dropbox/development/equationsMac-di-Andrea:equations andrea_cirillo$ git commit "am[K[K[K-am "added gini index"
[master 2d39f02] added gini index
 2 files changed, 271 insertions(+)
 create mode 100644 equations.html
]0;~/Dropbox/development/equationsMac-di-Andrea:equations andrea_cirillo$ git push
Counting objects: 4, done.
Delta compression using up to 4 threads.
Compressing objects:  25% (1/4)   Compressing objects:  50% (2/4)   Compressing objects:  75% (3/4)   Compressing objects: 100% (4/4)   Compressing objects: 100% (4/4), done.
Writing objects:  25% (1/4)   Writing objects:  50% (2/4)   Writing objects:  75% (3/4)   Writing objects: 100% (4/4)   Writing objects: 100% (4/4), 222.79 KiB | 0 bytes/s, done.
Total 4 (delta 1), reused 0 (delta 0)
remote: Resolving deltas:   0% (0/1)   [Kremote: Resolving deltas: 100% (1/1)   [Kremote: Resolving deltas: 100% (1/1), completed with 1 local object.[K
To https://github.com/AndreaCirilloAC/equations.git
   90f88c1..2d39f02  master -> master
]0;~/Dropbox/development/equationsMac-di-Andrea:equations andrea_cirillo$ cd .
]0;~/Dropbox/development/equationsMac-di-Andrea:equations andrea_cirillo$ ls
README.md	equations.Rmd	equations.html
]0;~/Dropbox/development/equationsMac-di-Andrea:equations andrea_cirillo$ cd ..
]0;~/Dropbox/developmentMac-di-Andrea:development andrea_cirillo$ cd ..
]0;~/DropboxMac-di-Andrea:Dropbox andrea_cirillo$ cd r_[K[K[K[K[Kls
Cartella del team Casa	archivio_old		prova.txt
Icon?			css_projects		py_projects
R_projects		development		vb_projects
]0;~/DropboxMac-di-Andrea:Dropbox andrea_cirillo$ cd R_projects/
]0;~/Dropbox/R_projectsMac-di-Andrea:R_projects andrea_cirillo$ cd r_Data[K[K[K[Kdata_mining/
]0;~/Dropbox/R_projects/r_data_miningMac-di-Andrea:r_data_mining andrea_cirillo$ git status
On branch master
Your branch is ahead of 'origin/master' by 1 commit.
  (use "git push" to publish your local commits)
Changes not staged for commit:
  (use "git add <file>..." to update what will be committed)
  (use "git checkout -- <file>..." to discard changes in working directory)

	[31mmodified:   .Rproj.user/A16E1F5C/console06/15350E2A[m
	[31mmodified:   .Rproj.user/A16E1F5C/console06/INDEX001[m
	[31mmodified:   .Rproj.user/A16E1F5C/sources/prop/B94B5060[m
	[31mmodified:   .Rproj.user/A16E1F5C/sources/prop/INDEX[m
	[31mmodified:   chapter_11.R[m
	[31mmodified:   chapter_7.R[m

Untracked files:
  (use "git add <file>..." to include in what will be committed)

	[31m.gitignore[m
	[31m11_random_forest.png[m

no changes added to commit (use "git add" and/or "git commit -a")
]0;~/Dropbox/R_projects/r_data_miningMac-di-Andrea:r_data_mining andrea_cirillo$ git push
Counting objects: 3, done.
Delta compression using up to 4 threads.
Compressing objects:  33% (1/3)   Compressing objects:  66% (2/3)   Compressing objects: 100% (3/3)   Compressing objects: 100% (3/3), done.
Writing objects:  33% (1/3)   Writing objects:  66% (2/3)   Writing objects: 100% (3/3)   Writing objects: 100% (3/3), 380 bytes | 0 bytes/s, done.
Total 3 (delta 2), reused 0 (delta 0)
remote: Resolving deltas:   0% (0/2)   [Kremote: Resolving deltas:  50% (1/2)   [Kremote: Resolving deltas: 100% (2/2)   [Kremote: Resolving deltas: 100% (2/2), completed with 2 local objects.[K
To https://github.com/AndreaCirilloAC/r_data_mining.git
   27b9063..9802139  master -> master
]0;~/Dropbox/R_projects/r_data_miningMac-di-Andrea:r_data_mining andrea_cirillo$ [KMac-di-Andrea:r_data_mining andrea_cirillo$ gi[K[Kpwd
/Users/andrea_cirillo/Dropbox/R_projects/r_data_mining
]0;~/Dropbox/R_projects/r_data_miningMac-di-Andrea:r_data_mining andrea_cirillo$ cd[K[Kgit status
On branch master
Your branch is up-to-date with 'origin/master'.
Changes not staged for commit:
  (use "git add <file>..." to update what will be committed)
  (use "git checkout -- <file>..." to discard changes in working directory)

	[31mmodified:   .Rproj.user/A16E1F5C/console06/15350E2A[m
	[31mmodified:   .Rproj.user/A16E1F5C/console06/INDEX001[m
	[31mmodified:   .Rproj.user/A16E1F5C/sources/prop/B94B5060[m
	[31mmodified:   .Rproj.user/A16E1F5C/sources/prop/INDEX[m
	[31mmodified:   chapter_11.R[m
	[31mmodified:   chapter_7.R[m

Untracked files:
  (use "git add <file>..." to include in what will be committed)

	[31m.gitignore[m
	[31m11_importance_predictors.png[m
	[31m11_random_forest.png[m

no changes added to commit (use "git add" and/or "git commit -a")
]0;~/Dropbox/R_projects/r_data_miningMac-di-Andrea:r_data_mining andrea_cirillo$ git ass[K[Kdd chapter:[K_11.R
]0;~/Dropbox/R_projects/r_data_miningMac-di-Andrea:r_data_mining andrea_cirillo$ git commit -am "c[Kclosed random forest"
[master 1d9a732] closed random forest
 6 files changed, 365 insertions(+), 8 deletions(-)
]0;~/Dropbox/R_projects/r_data_miningMac-di-Andrea:r_data_mining andrea_cirillo$ git push
Counting objects: 13, done.
Delta compression using up to 4 threads.
Compressing objects:   8% (1/12)   Compressing objects:  16% (2/12)   Compressing objects:  25% (3/12)   Compressing objects:  33% (4/12)   Compressing objects:  41% (5/12)   Compressing objects:  50% (6/12)   Compressing objects:  58% (7/12)   Compressing objects:  66% (8/12)   Compressing objects:  75% (9/12)   Compressing objects:  83% (10/12)   Compressing objects:  91% (11/12)   Compressing objects: 100% (12/12)   Compressing objects: 100% (12/12), done.
Writing objects:   7% (1/13)   Writing objects:  15% (2/13)   Writing objects:  23% (3/13)   Writing objects:  30% (4/13)   Writing objects:  38% (5/13)   Writing objects:  46% (6/13)   Writing objects:  53% (7/13)   Writing objects:  61% (8/13)   Writing objects:  69% (9/13)   Writing objects:  76% (10/13)   Writing objects:  84% (11/13)   Writing objects:  92% (12/13)   Writing objects: 100% (13/13)   Writing objects: 100% (13/13), 5.60 KiB | 0 bytes/s, done.
Total 13 (delta 6), reused 0 (delta 0)
remote: Resolving deltas:   0% (0/6)   [Kremote: Resolving deltas:  16% (1/6)   [Kremote: Resolving deltas:  33% (2/6)   [Kremote: Resolving deltas:  50% (3/6)   [Kremote: Resolving deltas:  66% (4/6)   [Kremote: Resolving deltas:  83% (5/6)   [Kremote: Resolving deltas: 100% (6/6)   [Kremote: Resolving deltas: 100% (6/6), completed with 6 local objects.[K
To https://github.com/AndreaCirilloAC/r_data_mining.git
   9802139..1d9a732  master -> master
]0;~/Dropbox/R_projects/r_data_miningMac-di-Andrea:r_data_mining andrea_cirillo$ pwd
/Users/andrea_cirillo/Dropbox/R_projects/r_data_mining
]0;~/Dropbox/R_projects/r_data_miningMac-di-Andrea:r_data_mining andrea_cirillo$ cd ../r_datamining/
]0;~/Dropbox/R_projects/r_dataminingMac-di-Andrea:r_datamining andrea_cirillo$ cp chap[Kter_8[K[K[K[K[Kpter_8[K[K[K[K[K[K[K[K[K[K[K[Kls
10_company_revenues_logistic.png	chatper_8.R
7_fitted_vs_residual_colour.jpeg	cheatsheets
7_fitted_vs_residuals_bw.jpeg		customer_list.txt
7_r_squared_pcr.png			data
8_r_squared_pcr.png			equations.html
Rplot.jpeg				experiment.txt
Rplot01.jpeg				experimental.tct
blocco_pulizia_dati.Rmd			experimental.txt
blocco_pulizia_dati_update.Rmd		figures
blocco_pulizia_dati_update.nb.html	firs_r_script.R
chapter_1.R				first_r_script.R
chapter_10.R				models_fitting.R
chapter_2.R				number_of_pacakges.R
chapter_5.R				old
chapter_6.R				plot.R
chapter_7.R				r_datamining.Rproj
chapter_9.R				stored_data.rds
]0;~/Dropbox/R_projects/r_dataminingMac-di-Andrea:r_datamining andrea_cirillo$ coì[K[Kp chatper_8.R ../r_data_mining/chapter_8.R
]0;~/Dropbox/R_projects/r_dataminingMac-di-Andrea:r_datamining andrea_cirillo$ cd ../ra[K_data_mining/
]0;~/Dropbox/R_projects/r_data_miningMac-di-Andrea:r_data_mining andrea_cirillo$ ls
11_importance_predictors.png	chapter_11.R			chapter_8.R
11_random_forest.png		chapter_2.R			chapter_9.R
README.md			chapter_5.R			data
chapter_1.R			chapter_6.R			r_data_mining.Rproj
chapter_10.R			chapter_7.R
]0;~/Dropbox/R_projects/r_data_miningMac-di-Andrea:r_data_mining andrea_cirillo$ git sta[K[K[Kadd -[K"chapter_8.R"
]0;~/Dropbox/R_projects/r_data_miningMac-di-Andrea:r_data_mining andrea_cirillo$ git commit -m"[K "added chapter 8"
[master e2f00d1] added chapter 8
 1 file changed, 76 insertions(+)
 create mode 100644 chapter_8.R
]0;~/Dropbox/R_projects/r_data_miningMac-di-Andrea:r_data_mining andrea_cirillo$ git push
Counting objects: 3, done.
Delta compression using up to 4 threads.
Compressing objects:  33% (1/3)   Compressing objects:  66% (2/3)   Compressing objects: 100% (3/3)   Compressing objects: 100% (3/3), done.
Writing objects:  33% (1/3)   Writing objects:  66% (2/3)   Writing objects: 100% (3/3)   Writing objects: 100% (3/3), 993 bytes | 0 bytes/s, done.
Total 3 (delta 1), reused 0 (delta 0)
remote: Resolving deltas:   0% (0/1)   [Kremote: Resolving deltas: 100% (1/1)   [Kremote: Resolving deltas: 100% (1/1), completed with 1 local object.[K
To https://github.com/AndreaCirilloAC/r_data_mining.git
   1d9a732..e2f00d1  master -> master
]0;~/Dropbox/R_projects/r_data_miningMac-di-Andrea:r_data_mining andrea_cirillo$ [KMac-di-Andrea:r_data_mining andrea_cirillo$ git add -a "[K[K[K[K"chater[K[K[Kpter_11.R"
]0;~/Dropbox/R_projects/r_data_miningMac-di-Andrea:r_data_mining andrea_cirillo$ git commi -[K[Kt-[K -m "added confusion metrics"
[master 2fb986c] added confusion metrics
 1 file changed, 57 insertions(+)
]0;~/Dropbox/R_projects/r_data_miningMac-di-Andrea:r_data_mining andrea_cirillo$ git push
Counting objects: 3, done.
Delta compression using up to 4 threads.
Compressing objects:  33% (1/3)   Compressing objects:  66% (2/3)   Compressing objects: 100% (3/3)   Compressing objects: 100% (3/3), done.
Writing objects:  33% (1/3)   Writing objects:  66% (2/3)   Writing objects: 100% (3/3)   Writing objects: 100% (3/3), 1.05 KiB | 0 bytes/s, done.
Total 3 (delta 1), reused 0 (delta 0)
remote: Resolving deltas:   0% (0/1)   [Kremote: Resolving deltas: 100% (1/1)   [Kremote: Resolving deltas: 100% (1/1), completed with 1 local object.[K
To https://github.com/AndreaCirilloAC/r_data_mining.git
   e2f00d1..2fb986c  master -> master
]0;~/Dropbox/R_projects/r_data_miningMac-di-Andrea:r_data_mining andrea_cirillo$ [KMac-di-Andrea:r_data_mining andrea_cirillo$ git add chapter:[K_11.R 
]0;~/Dropbox/R_projects/r_data_miningMac-di-Andrea:r_data_mining andrea_cirillo$ git commit "compu[Klete ensemble rl[K[Klearning"
error: pathspec 'complete ensemble learning' did not match any file(s) known to git.
]0;~/Dropbox/R_projects/r_data_miningMac-di-Andrea:r_data_mining andrea_cirillo$ git commit "complete ensemble learning"[C[C[C[C[C[C[C[1@-[1@m[1@ 
[master 079ce28] complete ensemble learning
 1 file changed, 4 insertions(+), 4 deletions(-)
]0;~/Dropbox/R_projects/r_data_miningMac-di-Andrea:r_data_mining andrea_cirillo$ git push
Counting objects: 3, done.
Delta compression using up to 4 threads.
Compressing objects:  33% (1/3)   Compressing objects:  66% (2/3)   Compressing objects: 100% (3/3)   Compressing objects: 100% (3/3), done.
Writing objects:  33% (1/3)   Writing objects:  66% (2/3)   Writing objects: 100% (3/3)   Writing objects: 100% (3/3), 383 bytes | 0 bytes/s, done.
Total 3 (delta 2), reused 0 (delta 0)
remote: Resolving deltas:   0% (0/2)   [Kremote: Resolving deltas:  50% (1/2)   [Kremote: Resolving deltas: 100% (2/2)   [Kremote: Resolving deltas: 100% (2/2), completed with 2 local objects.[K
To https://github.com/AndreaCirilloAC/r_data_mining.git
   2fb986c..079ce28  master -> master
[KMac-di-Andrea:r_data_mining andrea_cirillo$ git add "chapter_11.R" 
]0;~/Dropbox/R_projects/r_data_miningMac-di-Andrea:r_data_mining andrea_cirillo$ git commit "added predicio[K[Ktions fr[Kor classification moes[K[Ke[Kdes[Kls"[C[C[C[C[C[C[C[1@ [1@-[1@m
[master c4d7404] added predictions for classification models
 1 file changed, 44 insertions(+), 3 deletions(-)
]0;~/Dropbox/R_projects/r_data_miningMac-di-Andrea:r_data_mining andrea_cirillo$ git push
Counting objects: 3, done.
Delta compression using up to 4 threads.
Compressing objects:  33% (1/3)   Compressing objects:  66% (2/3)   Compressing objects: 100% (3/3)   Compressing objects: 100% (3/3), done.
Writing objects:  33% (1/3)   Writing objects:  66% (2/3)   Writing objects: 100% (3/3)   Writing objects: 100% (3/3), 903 bytes | 0 bytes/s, done.
Total 3 (delta 2), reused 0 (delta 0)
remote: Resolving deltas:   0% (0/2)   [Kremote: Resolving deltas:  50% (1/2)   [Kremote: Resolving deltas: 100% (2/2)   [Kremote: Resolving deltas: 100% (2/2), completed with 2 local objects.[K
To https://github.com/AndreaCirilloAC/r_data_mining.git
   079ce28..c4d7404  master -> master
]0;~/Dropbox/R_projects/r_data_miningMac-di-Andrea:r_data_mining andrea_cirillo$ [KMac-di-Andrea:r_data_mining andrea_cirillo$ git pushcommit -m "added predictions for classification models"[C[C[C[C[C[C[C[C[C[C[C[C[C[C[C[C[C[C[C[C[C[C[C[C[C[C[C[C[C[C[C[C[C[C[C[C[C[C[C[C[C[C[C[C[C[C[C[C[36Padd "chapter_11.R" 
]0;~/Dropbox/R_projects/r_data_miningMac-di-Andrea:r_data_mining andrea_cirillo$ git add "chapter_11.R" push[Kcommit -m "added predictions for classification models";"4" [A[C[C[C[C[C[C[C[C[C[C[C[C[C[C[C[C[C[C[C[C[C[C[C[C[C[C[C[C[C[C[C[C[C[C[C[C[C[C[C[C[C[C[C[C[C[C[C[C[C[C[C[C[C[C[C[C[C[C[C[C[C[C[C[C[C[C[C[C[C[C[C[C[C[C[C[C[C[C[C[C[C[C[C[C[C[C[C[C[C[C[C[C[C[C[C[C[C[C[C[C[C[C[CD""[A[C[C[C[C[C[C[C[C[C[C[C[C[C[C[C[C[C[C[C[C[C[C[C[C[C[C[C[C[C[C[C[C[C[C[C[C[C[C[C[C[C[C[C[C[C[C[C[C[38Padd "chapter_11.R" 
[K[A[C[C[C[C[C[C[C[C[C[C[C[C[C[C[C[C[C[C[C[C[C[C[C[C[C[C[C[C[C[C[C[C[C[C[C[C[C[C[C[C[C[C[C[C[C[C[C[C[C[C[C[C[C[C[C[C[C[C[C[C[C[C[C[C[C[C[Cpush[Kadd "chapter_11.R" commit -m "added predictions for classification models;4D""[A[C[C[C[C[C[C[C[C[C[C[C[C[C[C[C[C[C[C[C[C[C[C[C[C[C[C[C[C[C[C[C[C[C[C[C[C[C[C[C[C[C[C[C[C[C[C[C[C[C[C[C[C[C[C[C[C[C[C[C[C[C[C[C[C[C[C[C[C[C[C[C[C[C[C[C[C[C[C[C[C[C[C[C[C[C[C[C[C[C[C[C[C[C[C[C[C[C[C[C[C[C[C[C[CD" [K[A[C[C[C[C[C[C[C[C[C[C[C[C[C[C[C[C[C[C[C[C[C[C[C[C[C[C[C[C[C[C[C[C[C[C[C[C[C[C[C[C[C[C[C[C[C[C[C[C[C[C[C[C[C[C[C[C[C[C[C[C[C[C[C[C[C[C[C[C[C[C[C[C[C[C[C[C[C[C[C[C[C[C[C[C[C[C[C[C[C[C[C[C[C[C[C[C[C[C[C[C[C[C[C[1PD"
[K[A[C[C[C[C[C[C[C[C[C[C[C[C[C[C[C[C[C[C[C[C[C[C[C[C[C[C[C[C[C[C[C[C[C[C[C[C[C[C[C[C[C[C[C[C[C[C[C[C[C[C[C[C[C[C[C[C[C[C[C[C[C[C[C[C[C[C[C[C[C[C[C[C[C[C[C[C[C[C[C[C[C[C[C[C[C[C[C[C[C[C[C[C[C[C[C[C[C[C[C[C[C[C[1PD"[1PD"[1PD"[1PD"[1PD"[C[1P"[1P"[1P"[1P"[1P"[1P"[1P"[1P"[1P"[1P"[1P"[1P"[1P"[1P"[1P"[1P"[1P"[1P"[1P"[1P"[1P"[1P"[1P"[1P"[1P"[1P"[1P"[1P"[1P"[1P"[1P"[1P"[1P"[1P"[1P"[1P"[1P"[1P"[1P"f"i"n"a"l" "v"e"r"s"i"o"n" "o"f" "e"n"s"a"m"b"l"e" "l"e"a"n"i"n"[1P"[1P"[1P"r"n"i"n"g" "o"n" "n"e"w" "d"a"t" [A[C[C[C[C[C[C[C[C[C[C[C[C[C[C[C[C[C[C[C[C[C[C[C[C[C[C[C[C[C[C[C[C[C[C[C[C[C[C[C[C[C[C[C[C[C[C[C[C[C[C[C[C[C[C[C[C[C[C[C[C[C[C[C[C[C[C[C[C[C[C[C[C[C[C[C[C[C[C[C[C[C[C[C[C[C[C[C[C[C[C[C[C[C[C[C[C[C[C[C[C[C[C[Ca"" "n"[1P"a"n"d" "e"x"p"o"r"t"
[master 2278f58] final version of ensamble learning on new data and export
 1 file changed, 10 insertions(+), 4 deletions(-)
]0;~/Dropbox/R_projects/r_data_miningMac-di-Andrea:r_data_mining andrea_cirillo$ git push
Counting objects: 3, done.
Delta compression using up to 4 threads.
Compressing objects:  33% (1/3)   Compressing objects:  66% (2/3)   Compressing objects: 100% (3/3)   Compressing objects: 100% (3/3), done.
Writing objects:  33% (1/3)   Writing objects:  66% (2/3)   Writing objects: 100% (3/3)   Writing objects: 100% (3/3), 436 bytes | 0 bytes/s, done.
Total 3 (delta 2), reused 0 (delta 0)
remote: Resolving deltas:   0% (0/2)   [Kremote: Resolving deltas:  50% (1/2)   [Kremote: Resolving deltas: 100% (2/2)   [Kremote: Resolving deltas: 100% (2/2), completed with 2 local objects.[K
To https://github.com/AndreaCirilloAC/r_data_mining.git
   c4d7404..2278f58  master -> master
]0;~/Dropbox/R_projects/r_data_miningMac-di-Andrea:r_data_mining andrea_cirillo$ git add "chapter_13.R" 
]0;~/Dropbox/R_projects/r_data_miningMac-di-Andrea:r_data_mining andrea_cirillo$ git commit -m "added chapter 13"
[master bb3dfee] added chapter 13
 1 file changed, 11 insertions(+)
 create mode 100644 chapter_13.R
]0;~/Dropbox/R_projects/r_data_miningMac-di-Andrea:r_data_mining andrea_cirillo$ git push
Counting objects: 3, done.
Delta compression using up to 4 threads.
Compressing objects:  33% (1/3)   Compressing objects:  66% (2/3)   Compressing objects: 100% (3/3)   Compressing objects: 100% (3/3), done.
Writing objects:  33% (1/3)   Writing objects:  66% (2/3)   Writing objects: 100% (3/3)   Writing objects: 100% (3/3), 410 bytes | 0 bytes/s, done.
Total 3 (delta 1), reused 0 (delta 0)
remote: Resolving deltas:   0% (0/1)   [Kremote: Resolving deltas: 100% (1/1)   [Kremote: Resolving deltas: 100% (1/1), completed with 1 local object.[K
To https://github.com/AndreaCirilloAC/r_data_mining.git
   2278f58..bb3dfee  master -> master
[KMac-di-Andrea:r_data_mining andrea_cirillo$ git s[Kadd chatper_q[K11.R
fatal: pathspec 'chatper_11.R' did not match any files
]0;~/Dropbox/R_projects/r_data_miningMac-di-Andrea:r_data_mining andrea_cirillo$ git add chatper_11.R[C[C[C[C"chatper_11.R[C[C[C[C[C[C[C[C[C[C[C[C"
fatal: pathspec 'chatper_11.R' did not match any files
]0;~/Dropbox/R_projects/r_data_miningMac-di-Andrea:r_data_mining andrea_cirillo$ g[Kpws[Kd
/Users/andrea_cirillo/Dropbox/R_projects/r_data_mining
]0;~/Dropbox/R_projects/r_data_miningMac-di-Andrea:r_data_mining andrea_cirillo$ got add [K[K[K[K[K[K[Kit add chapter_11.R
]0;~/Dropbox/R_projects/r_data_miningMac-di-Andrea:r_data_mining andrea_cirillo$ git commit -m "modified input data"
[master 51fb596] modified input data
 1 file changed, 1 insertion(+), 1 deletion(-)
]0;~/Dropbox/R_projects/r_data_miningMac-di-Andrea:r_data_mining andrea_cirillo$ git push
Counting objects: 3, done.
Delta compression using up to 4 threads.
Compressing objects:  33% (1/3)   Compressing objects:  66% (2/3)   Compressing objects: 100% (3/3)   Compressing objects: 100% (3/3), done.
Writing objects:  33% (1/3)   Writing objects:  66% (2/3)   Writing objects: 100% (3/3)   Writing objects: 100% (3/3), 298 bytes | 0 bytes/s, done.
Total 3 (delta 2), reused 0 (delta 0)
remote: Resolving deltas:   0% (0/2)   [Kremote: Resolving deltas:  50% (1/2)   [Kremote: Resolving deltas: 100% (2/2)   [Kremote: Resolving deltas: 100% (2/2), completed with 2 local objects.[K
To https://github.com/AndreaCirilloAC/r_data_mining.git
   bb3dfee..51fb596  master -> master
]0;~/Dropbox/R_projects/r_data_miningMac-di-Andrea:r_data_mining andrea_cirillo$ git pushcommit -m "modified input data"[15Padd chapter_11.R
]0;~/Dropbox/R_projects/r_data_miningMac-di-Andrea:r_data_mining andrea_cirillo$ git add chapter_11.Rpush[Kadd chapter_11.R[Kgit add chapter_11.Rpush[Kcommit -m "modified input data"[1P"[1P"[1P"[1P"[1P"[1P"[1P"[1P"[1P"[1P"o"u"t"p"u"t"
[master ae121ad] modified output
 1 file changed, 4 insertions(+), 4 deletions(-)
]0;~/Dropbox/R_projects/r_data_miningMac-di-Andrea:r_data_mining andrea_cirillo$ git push
Counting objects: 3, done.
Delta compression using up to 4 threads.
Compressing objects:  33% (1/3)   Compressing objects:  66% (2/3)   Compressing objects: 100% (3/3)   Compressing objects: 100% (3/3), done.
Writing objects:  33% (1/3)   Writing objects:  66% (2/3)   Writing objects: 100% (3/3)   Writing objects: 100% (3/3), 316 bytes | 0 bytes/s, done.
Total 3 (delta 2), reused 0 (delta 0)
remote: Resolving deltas:   0% (0/2)   [Kremote: Resolving deltas:  50% (1/2)   [Kremote: Resolving deltas: 100% (2/2)   [Kremote: Resolving deltas: 100% (2/2), completed with 2 local objects.[K
To https://github.com/AndreaCirilloAC/r_data_mining.git
   51fb596..ae121ad  master -> master
git [K[K[K[Krm .pdf
rm: .pdf: No such file or directory
]0;~/Dropbox/R_projects/r_data_miningMac-di-Andrea:r_data_mining andrea_cirillo$ rm .pdf*.pdf
git add -[Kchatper_13[1Pper_13[Cter_13[C[C[Cer_13[1Per_13[1Per_13[1Pr_13[1Per_13[Cter_13[C[C[C[C[C.R 
]0;~/Dropbox/R_projects/r_data_miningMac-di-Andrea:r_data_mining andrea_cirillo$ git commit - m[K[Km "added sentit[Kment and [K[K[K[K[K wordcloud and ngram"
[master 7738fd9] added sentiment wordcloud and ngram
 1 file changed, 76 insertions(+), 11 deletions(-)
]0;~/Dropbox/R_projects/r_data_miningMac-di-Andrea:r_data_mining andrea_cirillo$ git push
Counting objects: 3, done.
Delta compression using up to 4 threads.
Compressing objects:  33% (1/3)   Compressing objects:  66% (2/3)   Compressing objects: 100% (3/3)   Compressing objects: 100% (3/3), done.
Writing objects:  33% (1/3)   Writing objects:  66% (2/3)   Writing objects: 100% (3/3)   Writing objects: 100% (3/3), 1.24 KiB | 0 bytes/s, done.
Total 3 (delta 1), reused 0 (delta 0)
remote: Resolving deltas:   0% (0/1)   [Kremote: Resolving deltas: 100% (1/1)   [Kremote: Resolving deltas: 100% (1/1), completed with 1 local object.[K
To https://github.com/AndreaCirilloAC/r_data_mining.git
   2e73d23..7738fd9  master -> master
]0;~/Dropbox/R_projects/r_data_miningMac-di-Andrea:r_data_mining andrea_cirillo$ git status
On branch master
Your branch is up-to-date with 'origin/master'.
Changes not staged for commit:
  (use "git add <file>..." to update what will be committed)
  (use "git checkout -- <file>..." to discard changes in working directory)

	[31mmodified:   .Rproj.user/A16E1F5C/console06/15350E2A[m
	[31mmodified:   .Rproj.user/A16E1F5C/console06/INDEX001[m
	[31mmodified:   chapter_13.R[m

no changes added to commit (use "git add" and/or "git commit -a")
]0;~/Dropbox/R_projects/r_data_miningMac-di-Andrea:r_data_mining andrea_cirillo$ git add chapter_q[K13.R 
]0;~/Dropbox/R_projects/r_data_miningMac-di-Andrea:r_data_mining andrea_cirillo$ git commit -m "completed text mining code"
[master b8f4161] completed text mining code
 1 file changed, 100 insertions(+), 12 deletions(-)
]0;~/Dropbox/R_projects/r_data_miningMac-di-Andrea:r_data_mining andrea_cirillo$ git push
Counting objects: 3, done.
Delta compression using up to 4 threads.
Compressing objects:  33% (1/3)   Compressing objects:  66% (2/3)   Compressing objects: 100% (3/3)   Compressing objects: 100% (3/3), done.
Writing objects:  33% (1/3)   Writing objects:  66% (2/3)   Writing objects: 100% (3/3)   Writing objects: 100% (3/3), 1.82 KiB | 0 bytes/s, done.
Total 3 (delta 1), reused 0 (delta 0)
remote: Resolving deltas:   0% (0/1)   [Kremote: Resolving deltas: 100% (1/1)   [Kremote: Resolving deltas: 100% (1/1), completed with 1 local object.[K
To https://github.com/AndreaCirilloAC/r_data_mining.git
   7738fd9..b8f4161  master -> master
]0;~/Dropbox/R_projects/r_data_miningMac-di-Andrea:r_data_mining andrea_cirillo$ git add -chapte[K[K[K[K[K[K[Kchapter_13.R 
]0;~/Dropbox/R_projects/r_data_miningMac-di-Andrea:r_data_mining andrea_cirillo$ git commit -m "e[Kfor loop eample[K[K[K[K[Kxample"
[master de74c74] for loop example
 1 file changed, 2 insertions(+), 2 deletions(-)
]0;~/Dropbox/R_projects/r_data_miningMac-di-Andrea:r_data_mining andrea_cirillo$ git co[K[Kpush
Counting objects: 3, done.
Delta compression using up to 4 threads.
Compressing objects:  33% (1/3)   Compressing objects:  66% (2/3)   Compressing objects: 100% (3/3)   Compressing objects: 100% (3/3), done.
Writing objects:  33% (1/3)   Writing objects:  66% (2/3)   Writing objects: 100% (3/3)   Writing objects: 100% (3/3), 328 bytes | 0 bytes/s, done.
Total 3 (delta 2), reused 0 (delta 0)
remote: Resolving deltas:   0% (0/2)   [Kremote: Resolving deltas:  50% (1/2)   [Kremote: Resolving deltas: 100% (2/2)   [Kremote: Resolving deltas: 100% (2/2), completed with 2 local objects.[K
To https://github.com/AndreaCirilloAC/r_data_mining.git
   b8f4161..de74c74  master -> master
]0;~/Dropbox/R_projects/r_data_miningMac-di-Andrea:r_data_mining andrea_cirillo$ git add chapter_3[K13.R 
]0;~/Dropbox/R_projects/r_data_miningMac-di-Andrea:r_data_mining andrea_cirillo$ git commit -m" [K[K "re[K[Kremoved inde[K[K[K[Klien num[K[K[K[K[K[Kne number computation in comments tidy"
[master f010b5a] removed line number computation in comments tidy
 1 file changed, 18 insertions(+), 8 deletions(-)
]0;~/Dropbox/R_projects/r_data_miningMac-di-Andrea:r_data_mining andrea_cirillo$ git push
Counting objects: 3, done.
Delta compression using up to 4 threads.
Compressing objects:  33% (1/3)   Compressing objects:  66% (2/3)   Compressing objects: 100% (3/3)   Compressing objects: 100% (3/3), done.
Writing objects:  33% (1/3)   Writing objects:  66% (2/3)   Writing objects: 100% (3/3)   Writing objects: 100% (3/3), 485 bytes | 0 bytes/s, done.
Total 3 (delta 2), reused 0 (delta 0)
remote: Resolving deltas:   0% (0/2)   [Kremote: Resolving deltas:  50% (1/2)   [Kremote: Resolving deltas: 100% (2/2)   [Kremote: Resolving deltas: 100% (2/2), completed with 2 local objects.[K
To https://github.com/AndreaCirilloAC/r_data_mining.git
   de74c74..f010b5a  master -> master
]0;~/Dropbox/R_projects/r_data_miningMac-di-Andrea:r_data_mining andrea_cirillo$ b[KMac-di-Andrea:r_data_mining andrea_cirillo$ b[Kgit c[Kadd chapter_13.R 
]0;~/Dropbox/R_projects/r_data_miningMac-di-Andrea:r_data_mining andrea_cirillo$ git co[K[Kcommit -m "final version before remogin[K[K[Kving plot on ngrams "
On branch master
Your branch is up-to-date with 'origin/master'.
Changes not staged for commit:
	[31mmodified:   .Rproj.user/A16E1F5C/console06/15350E2A[m
	[31mmodified:   .Rproj.user/A16E1F5C/console06/INDEX001[m

Untracked files:
	[31m13_first_word_cloud.png[m
	[31m13_second_word_cloud.png[m
	[31m13_sentiment_distr.png[m

no changes added to commit
]0;~/Dropbox/R_projects/r_data_miningMac-di-Andrea:r_data_mining andrea_cirillo$ git commit -m "final version before removing plot on ngrams""[A[C[C[C[C[C[C[C[C[C[C[C[C[C[C[C[C[C[C[C[C[C[C[C[C[C[C[C[C[C[C[C[C[C[C[C[C[C[C[C[C[C[C[C[C[C[C[C[C[C[C[C[C[C[C[C[C[C[C[C[C[C[C[C[C[C[C[C[C[C[C[C[C[C[C[C[C[C[C[C[C[C[C[C[C[C[C[C[C[C[C[C[C[C[C[C[C[C[C[C[C[C[C" [K[A[C[C[C[C[C[C[C[C[C[C[C[C[C[C[C[C[C[C[C[C[C[C[C[C[C[C[C[C[C[C[C[C[C[C[C[C[C[C[C[C[C[C[C[C[C[C[C[C[C[C[C[C[C[C[C[C[C[C[C[C[C[C[C[C[C[C[C[C[C[C[C[C[C[C[C[C[C[C[C[C[C[C[C[C[C[C[C[C[C[C[C[C[C[C[C[C[C[C[C[C[C[C
[A[C[C[C[C[C[C[C[C[C[C[C[C[C[C[C[C[C[C[C[C[C[C[C[C[C[C[C[C[C[C[C[C[C[C[C[C[C[C[C[C[C[C[C[C[C[C[C[C[C[C[C[C[C[C[C[C[C[C[C[C[C[C[C[C[C[C[C[C[C[C[C[C[C[C[C[C[C[C[C[C[C[C[C[C[C[C[C[C[C[C[C[C[C[C[C[C[C[C[C[C[C[C[K"
On branch master
Your branch is up-to-date with 'origin/master'.
Changes not staged for commit:
	[31mmodified:   .Rproj.user/A16E1F5C/console06/15350E2A[m
	[31mmodified:   .Rproj.user/A16E1F5C/console06/INDEX001[m

Untracked files:
	[31m13_first_word_cloud.png[m
	[31m13_second_word_cloud.png[m
	[31m13_sentiment_distr.png[m

no changes added to commit
]0;~/Dropbox/R_projects/r_data_miningMac-di-Andrea:r_data_mining andrea_cirillo$ git commit -m "final version before removing plot on ngram" [A[C[C[C[C[C[C[C[C[C[C[C[C[C[C[C[C[C[C[C[C[C[C[C[C[C[C[C[C[C[C[C[C[C[C[C[C[C[C[C[C[C[C[C[C[C[C[C[C[C[C[C[C[C[C[C[C[C[C[C[C[C[C[C[C[C[C[C[C[C[C[C[C[C[C[C[C[C[C[C[C[C[C[C[C[C[C[C[C[C[C[C[C[C[C[C[C[C[C[C[C[C[Cs""[A[C[C[C[C[C[C[C[C[C[C[C[C[C[C[C[C[C[C[C[C[C[C[C[C[C[C[C[C[C[C[C[C[C[C[C[C[C[C[C[C[C[C[C[C[C[C[Cadd chapter_13.R [K
[K[A[C[C[C[C[C[C[C[C[C[C[C[C[C[C[C[C[C[C[C[C[C[C[C[C[C[C[C[C[C[C[C[C[C[C[C[C[C[C[C[C[C[C[C[C[C[C[C[C[C[C[C[C[C[C[C[C[C[C[C[C[C[C[C[C[C
]0;~/Dropbox/R_projects/r_data_miningMac-di-Andrea:r_data_mining andrea_cirillo$ git add chapter_13.R commit -m "final version before removing plot on ngram" [A[C[C[C[C[C[C[C[C[C[C[C[C[C[C[C[C[C[C[C[C[C[C[C[C[C[C[C[C[C[C[C[C[C[C[C[C[C[C[C[C[C[C[C[C[C[C[C[C[C[C[C[C[C[C[C[C[C[C[C[C[C[C[C[C[C[C[C[C[C[C[C[C[C[C[C[C[C[C[C[C[C[C[C[C[C[C[C[C[C[C[C[C[C[C[C[C[C[C[C[C[C[C[K"
[master 837ae9d] final version before removing plot on ngram
 1 file changed, 43 insertions(+), 18 deletions(-)
]0;~/Dropbox/R_projects/r_data_miningMac-di-Andrea:r_data_mining andrea_cirillo$ git push
Counting objects: 3, done.
Delta compression using up to 4 threads.
Compressing objects:  33% (1/3)   Compressing objects:  66% (2/3)   Compressing objects: 100% (3/3)   Compressing objects: 100% (3/3), done.
Writing objects:  33% (1/3)   Writing objects:  66% (2/3)   Writing objects: 100% (3/3)   Writing objects: 100% (3/3), 638 bytes | 0 bytes/s, done.
Total 3 (delta 2), reused 0 (delta 0)
remote: Resolving deltas:   0% (0/2)   [Kremote: Resolving deltas:  50% (1/2)   [Kremote: Resolving deltas: 100% (2/2)   [Kremote: Resolving deltas: 100% (2/2), completed with 2 local objects.[K
To https://github.com/AndreaCirilloAC/r_data_mining.git
   f010b5a..837ae9d  master -> master
]0;~/Dropbox/R_projects/r_data_miningMac-di-Andrea:r_data_mining andrea_cirillo$ [KMac-di-Andrea:r_data_mining andrea_cirillo$ git add chapter_13.R 
]0;~/Dropbox/R_projects/r_data_miningMac-di-Andrea:r_data_mining andrea_cirillo$ git commit -m "[K[K[K[K[K[K[K[K[K[K[Kdiff
[?1h=[1mdiff --git a/.Rproj.user/A16E1F5C/console06/15350E2A b/.Rproj.user/A16E1F5C/console06/15350E2A[m
[1mindex 987d8d3..1374cb8 100644[m
[1m--- a/.Rproj.user/A16E1F5C/console06/15350E2A[m
[1m+++ b/.Rproj.user/A16E1F5C/console06/15350E2A[m
[36m@@ -614,4 +614,111 @@[m [mTo https://github.com/AndreaCirilloAC/r_data_mining.git[m
 git[[[[Krm .pdf[m
 rm: .pdf: No such file or directory[m
 ]0;~/Dropbox/R_projects/r_data_miningMac-di-Andrea:r_data_mining andrea_cirillo$ rm *[m
[31m-]0;~/Dropbox/R_projects/r_data_miningMac-di-Andrea:r_data_mining andrea_cirillo$ [m
\ No newline at end of file[m
[32m+[m[32mgit add [Kcha[1P[Ct[C[C[[1[1P[[1P[t[C[C[C[C[C.R[m[41m [m
[32m+[m[32m]0;~/Dropbox/R_projects/r_data_miningMac-di-Andrea:r_data_mining andrea_cirillo$ git commit - [[Km "added senti[Kment and[[[[[K wordcloud and ngram"[m[41m[m
[32m+[m[32m[master 7738fd9] added sentiment wordcloud and ngram[m[41m[m
:[K[K+[K:[K[K[32m+[m[32m 1 file changed, 76 insertions(+), 11 deletions(-)[m[41m[m
:[K[K[32m+[m[32m]0;~/Dropbox/R_projects/r_data_miningMac-di-Andrea:r_data_mining andrea_cirillo$ git push[m[41m[m
:[K[K[32m+[m[32mCounting objects: 3, done.[m[41m[m
:[K[K[32m+[m[32mDelta compression using up to 4 threads.[m[41m[m
:[K[K[32m+[m[32mCompressing objects:  33% (1/3)   Compressing objects:  66% (2/3)   Compressing objects: 100% (3/3)   Compressing objects: 100% (3/3), done.[m[41m[m
:[K[K[32m+[m[32mWriting objects:  33% (1/3)   Writing objects:  66% (2/3)   Writing objects: 100% (3/3)   Writing objects: 100% (3/3), 1.24 KiB | 0 bytes/s, done.[m[41m[m
:[K[K[32m+[m[32mTotal 3 (delta 1), reused 0 (delta 0)[m[41m[m
:[K[K[32m+[m[32mremote: Resolving deltas:   0% (0/1)   [Kremote: Resolving deltas: 100% (1/1)   [Kremote: Resolving deltas: 100% (1/1), completed with 1 local object.[K[m[41m[m
:[K[K[32m+[m[32mTo https://github.com/AndreaCirilloAC/r_data_mining.git[m[41m[m
:[K[K[32m+[m[32m   2e73d23..7738fd9  master -> master[m[41m[m
:[K[K[32m+[m[32m]0;~/Dropbox/R_projects/r_data_miningMac-di-Andrea:r_data_mining andrea_cirillo$ git status[m[41m[m
:[K[K[32m+[m[32mOn branch master[m[41m[m
:[K[K[32m+[m[32mYour branch is up-to-date with 'origin/master'.[m[41m[m
:[K[K[32m+[m[32mChanges not staged for commit:[m[41m[m
:[K[K[32m+[m[32m  (use "git add <file>..." to update what will be committed)[m[41m[m
:[K[K[32m+[m[32m  (use "git checkout -- <file>..." to discard changes in working directory)[m[41m[m
:[K[K[32m+[m[41m[m
:[K[K[32m+[m [32m[31mmodified:   .Rproj.user/A16E1F5C/console06/15350E2A[m[m[41m[m
:[K[K[32m+[m [32m[31mmodified:   .Rproj.user/A16E1F5C/console06/INDEX001[m[m[41m[m
:[K[K[32m+[m [32m[31mmodified:   chapter_13.R[m[m[41m[m
:[K[K[32m+[m[41m[m
:[K[K[32m+[m[32mno changes added to commit (use "git add" and/or "git commit -a")[m[41m[m
:[K[K[32m+[m[32m]0;~/Dropbox/R_projects/r_data_miningMac-di-Andrea:r_data_mining andrea_cirillo$ git add chapter_[K13.R[m[41m [m
:[K[K[32m+[m[32m]0;~/Dropbox/R_projects/r_data_miningMac-di-Andrea:r_data_mining andrea_cirillo$ git commit -m "completed text mining code"[m[41m[m
:[K[K[32m+[m[32m[master b8f4161] completed text mining code[m[41m[m
:[K[K[32m+[m[32m 1 file changed, 100 insertions(+), 12 deletions(-)[m[41m[m
:[K[K[32m+[m[32m]0;~/Dropbox/R_projects/r_data_miningMac-di-Andrea:r_data_mining andrea_cirillo$ git push[m[41m[m
:[K[K[32m+[m[32mCounting objects: 3, done.[m[41m[m
:[K[K[32m+[m[32mDelta compression using up to 4 threads.[m[41m[m
:[K[K[32m+[m[32mCompressing objects:  33% (1/3)   Compressing objects:  66% (2/3)   Compressing objects: 100% (3/3)   Compressing objects: 100% (3/3), done.[m[41m[m
:[K[K[32m+[m[32mWriting objects:  33% (1/3)   Writing objects:  66% (2/3)   Writing objects: 100% (3/3)   Writing objects: 100% (3/3), 1.82 KiB | 0 bytes/s, done.[m[41m[m
:[K[K[32m+[m[32mTotal 3 (delta 1), reused 0 (delta 0)[m[41m[m
:[K[K[32m+[m[32mremote: Resolving deltas:   0% (0/1)   [Kremote: Resolving deltas: 100% (1/1)   [Kremote: Resolving deltas: 100% (1/1), completed with 1 local object.[K[m[41m[m
:[K[K[32m+[m[32mTo https://github.com/AndreaCirilloAC/r_data_mining.git[m[41m[m
:[K[K[32m+[m[32m   7738fd9..b8f4161  master -> master[m[41m[m
:[K[K[32m+[m[32m]0;~/Dropbox/R_projects/r_data_miningMac-di-Andrea:r_data_mining andrea_cirillo$ git add -chapt[[[[[[[Kchapter_13.R[m[41m [m
:[K[K[32m+[m[32m]0;~/Dropbox/R_projects/r_data_miningMac-di-Andrea:r_data_mining andrea_cirillo$ git commit -m "[Kfor loop eampl[[[[[Kxample"[m[41m[m
:[K[K[32m+[m[32m[master de74c74] for loop example[m[41m[m
:[K[K[32m+[m[32m 1 file changed, 2 insertions(+), 2 deletions(-)[m[41m[m
:[K[K[32m+[m[32m]0;~/Dropbox/R_projects/r_data_miningMac-di-Andrea:r_data_mining andrea_cirillo$ git c[[Kpush[m[41m[m
:[K[K[32m+[m[32mCounting objects: 3, done.[m[41m[m
:[K[K[32m+[m[32mDelta compression using up to 4 threads.[m[41m[m
:[K[K[32m+[m[32mCompressing objects:  33% (1/3)   Compressing objects:  66% (2/3)   Compressing objects: 100% (3/3)   Compressing objects: 100% (3/3), done.[m[41m[m
:[K[K[32m+[m[32mWriting objects:  33% (1/3)   Writing objects:  66% (2/3)   Writing objects: 100% (3/3)   Writing objects: 100% (3/3), 328 bytes | 0 bytes/s, done.[m[41m[m
:[K[K[32m+[m[32mTotal 3 (delta 2), reused 0 (delta 0)[m[41m[m
:[K[K[32m+[m[32mremote: Resolving deltas:   0% (0/2)   [Kremote: Resolving deltas:  50% (1/2)   [Kremote: Resolving deltas: 100% (2/2)   [Kremote: Resolving deltas: 100% (2/2), completed with 2 local objects.[K[m[41m[m
:[K[K[32m+[m[32mTo https://github.com/AndreaCirilloAC/r_data_mining.git[m[41m[m
:[K[K[32m+[m[32m   b8f4161..de74c74  master -> master[m[41m[m
:[K[K[32m+[m[32m]0;~/Dropbox/R_projects/r_data_miningMac-di-Andrea:r_data_mining andrea_cirillo$ git add chapter_[K13.R[m[41m [m
:[K[K[32m+[m[32m]0;~/Dropbox/R_projects/r_data_miningMac-di-Andrea:r_data_mining andrea_cirillo$ git commit -m"[[K "r[[Kremoved ind[[[[Klien nu[[[[[[Kne number computation in comments tidy"[m[41m[m
:[K[K[32m+[m[32m[master f010b5a] removed line number computation in comments tidy[m[41m[m
:[K[K[32m+[m[32m 1 file changed, 18 insertions(+), 8 deletions(-)[m[41m[m
:[K[K[32m+[m[32m]0;~/Dropbox/R_projects/r_data_miningMac-di-Andrea:r_data_mining andrea_cirillo$ git push[m[41m[m
:[K[K[32m+[m[32mCounting objects: 3, done.[m[41m[m
:[K[K[32m+[m[32mDelta compression using up to 4 threads.[m[41m[m
:[K[K[32m+[m[32mCompressing objects:  33% (1/3)   Compressing objects:  66% (2/3)   Compressing objects: 100% (3/3)   Compressing objects: 100% (3/3), done.[m[41m[m
:[K[K[32m+[m[32mWriting objects:  33% (1/3)   Writing objects:  66% (2/3)   Writing objects: 100% (3/3)   Writing objects: 100% (3/3), 485 bytes | 0 bytes/s, done.[m[41m[m
:[K[K[32m+[m[32mTotal 3 (delta 2), reused 0 (delta 0)[m[41m[m
:[K[K[32m+[m[32mremote: Resolving deltas:   0% (0/2)   [Kremote: Resolving deltas:  50% (1/2)   [Kremote: Resolving deltas: 100% (2/2)   [Kremote: Resolving deltas: 100% (2/2), completed with 2 local objects.[K[m[41m[m
:[K[K[32m+[m[32mTo https://github.com/AndreaCirilloAC/r_data_mining.git[m[41m[m
:[K[K[32m+[m[32m   de74c74..f010b5a  master -> master[m[41m[m
:[K[K[32m+[m[32m]0;~/Dropbox/R_projects/r_data_miningMac-di-Andrea:r_data_mining andrea_cirillo$ b[KMac-di-Andrea:r_data_mining andrea_cirillo$ [Kgit [Kadd chapter_13.R[m[41m [m
:[K[K[32m+[m[32m]0;~/Dropbox/R_projects/r_data_miningMac-di-Andrea:r_data_mining andrea_cirillo$ git c[[Kcommit -m "final version before remogi[[[Kving plot on ngrams "[m[41m[m
:[K[K[32m+[m[32mOn branch master[m[41m[m
:[K[K[32m+[m[32mYour branch is up-to-date with 'origin/master'.[m[41m[m
:[K[K[32m+[m[32mChanges not staged for commit:[m[41m[m
:[K[K[32m+[m [32m[31mmodified:   .Rproj.user/A16E1F5C/console06/15350E2A[m[m[41m[m
:[K[K[32m+[m [32m[31mmodified:   .Rproj.user/A16E1F5C/console06/INDEX001[m[m[41m[m
:[K[K[32m+[m[41m[m
:[K[K[32m+[m[32mUntracked files:[m[41m[m
:[K[K[32m+[m [32m[31m13_first_word_cloud.png[m[m[41m[m
:[K[K[32m+[m [32m[31m13_second_word_cloud.png[m[m[41m[m
:[K[K[32m+[m [32m[31m13_sentiment_distr.png[m[m[41m[m
:[K[K[32m+[m[41m[m
:[K[K[32m+[m[32mno changes added to commit[m[41m[m
:[K[K[32m+[m[32m]0;~/Dropbox/R_projects/r_data_miningMac-di-Andrea:r_data_mining andrea_cirillo$ git commit -m "final version before removing plot on ngrams""[A[C[C[C[C[C[C[C[C[C[C[C[C[C[C[C[C[C[C[C[C[C[C[C[C[C[C[C[C[C[C[C[C[C[C[C[C[C[C[C[C[C[C[C[C[C[C[C[C[C[C[C[C[C[C[C[C[C[C[C[C[C[C[C[C[C[C[C[C[C[C[C[C[C[C[C[C[C[C[C[C[C[C[C[C[C[C[C[C[C[C[C[C[C[C[C[C[C[C[C[C[C[C" [K[A[C[C[C[C[C[C[C[C[C[C[C[C[C[C[C[C[C[C[C[C[C[C[C[C[C[C[C[C[C[C[C[C[C[C[C[C[C[C[C[C[C[C[C[C[C[C[C[C[C[C[C[C[C[C[C[C[C[C[C[C[C[C[C[C[C[C[C[C[C[C[C[C[C[C[C[C[C[C[C[C[C[C[C[C[C[C[C[C[C[C[C[C[C[C[C[C[C[C[C[C[C[C[m[41m[m
:[K[K[32m+[m[32m[A[C[C[C[C[C[C[C[C[C[C[C[C[C[C[C[C[C[C[C[C[C[C[C[C[C[C[C[C[C[C[C[C[C[C[C[C[C[C[C[C[C[C[C[C[C[C[C[C[C[C[C[C[C[C[C[C[C[C[C[C[C[C[C[C[C[C[C[C[C[C[C[C[C[C[C[C[C[C[C[C[C[C[C[C[C[C[C[C[C[C[C[C[C[C[C[C[C[C[C[C[C[C[K"[m[41m[m
:[K[K[32m+[m[32mOn branch master[m[41m[m
:[K[K[32m+[m[32mYour branch is up-to-date with 'origin/master'.[m[41m[m
:[K[K[32m+[m[32mChanges not staged for commit:[m[41m[m
:[K[K[32m+[m [32m[31mmodified:   .Rproj.user/A16E1F5C/console06/15350E2A[m[m[41m[m
:[K[K[32m+[m [32m[31mmodified:   .Rproj.user/A16E1F5C/console06/INDEX001[m[m[41m[m
:[K[K[32m+[m[41m[m
:[K[K[32m+[m[32mUntracked files:[m[41m[m
:[K[K[32m+[m [32m[31m13_first_word_cloud.png[m[m[41m[m
:[K[K[32m+[m [32m[31m13_second_word_cloud.png[m[m[41m[m
:[K[K[32m+[m [32m[31m13_sentiment_distr.png[m[m[41m[m
:[K[K[32m+[m[41m[m
:[K[K[32m+[m[32mno changes added to commit[m[41m[m
:[K[K[32m+[m[32m]0;~/Dropbox/R_projects/r_data_miningMac-di-Andrea:r_data_mining andrea_cirillo$ git commit -m "final version before removing plot on ngram" [A[C[C[C[C[C[C[C[C[C[C[C[C[C[C[C[C[C[C[C[C[C[C[C[C[C[C[C[C[C[C[C[C[C[C[C[C[C[C[C[C[C[C[C[C[C[C[C[C[C[C[C[C[C[C[C[C[C[C[C[C[C[C[C[C[C[C[C[C[C[C[C[C[C[C[C[C[C[C[C[C[C[C[C[C[C[C[C[C[C[C[C[C[C[C[C[C[C[C[C[C[C[Cs""[A[C[C[C[C[C[C[C[C[C[C[C[C[C[C[C[C[C[C[C[C[C[C[C[C[C[C[C[C[C[C[C[C[C[C[C[C[C[C[C[C[C[C[C[C[C[C[Cadd chapter_13.R [K[m[41m[m
:[K[K[32m+[m[32m[K[A[C[C[C[C[C[C[C[C[C[C[C[C[C[C[C[C[C[C[C[C[C[C[C[C[C[C[C[C[C[C[C[C[C[C[C[C[C[C[C[C[C[C[C[C[C[C[C[C[C[C[C[C[C[C[C[C[C[C[C[C[C[C[C[C[C[m[41m[m
:[K[K[32m+[m[32m]0;~/Dropbox/R_projects/r_data_miningMac-di-Andrea:r_data_mining andrea_cirillo$ git commit -m "final version before removing plot on ngram" [A[C[C[C[C[C[C[C[C[C[C[C[C[C[C[C[C[C[C[C[C[C[C[C[C[C[C[C[C[C[C[C[C[C[C[C[C[C[C[C[C[C[C[C[C[C[C[C[C[C[C[C[C[C[C[C[C[C[C[C[C[C[C[C[C[C[C[C[C[C[C[C[C[C[C[C[C[C[C[C[C[C[C[C[C[C[C[C[C[C[C[C[C[C[C[C[C[C[C[C[C[C[C[K"[m[41m[m
:[K[K[32m+[m[32m[master 837ae9d] final version before removing plot on ngram[m[41m[m
:[K[K[32m+[m[32m 1 file changed, 43 insertions(+), 18 deletions(-)[m[41m[m
:[K[K[32m+[m[32m]0;~/Dropbox/R_projects/r_data_miningMac-di-Andrea:r_data_mining andrea_cirillo$ git push[m[41m[m
:[K[K[32m+[m[32mCounting objects: 3, done.[m[41m[m
:[K[K[32m+[m[32mDelta compression using up to 4 threads.[m[41m[m
:[K[K[32m+[m[32mCompressing objects:  33% (1/3)   Compressing objects:  66% (2/3)   Compressing objects: 100% (3/3)   Compressing objects: 100% (3/3), done.[m[41m[m
:[K[K[32m+[m[32mWriting objects:  33% (1/3)   Writing objects:  66% (2/3)   Writing objects: 100% (3/3)   Writing objects: 100% (3/3), 638 bytes | 0 bytes/s, done.[m[41m[m
:[K[K[32m+[m[32mTotal 3 (delta 2), reused 0 (delta 0)[m[41m[m
:[K[K[32m+[m[32mremote: Resolving deltas:   0% (0/2)   [Kremote: Resolving deltas:  50% (1/2)   [Kremote: Resolving deltas: 100% (2/2)   [Kremote: Resolving deltas: 100% (2/2), completed with 2 local objects.[K[m[41m[m
:[K[K[32m+[m[32mTo https://github.com/AndreaCirilloAC/r_data_mining.git[m[41m[m
:[K[K[32m+[m[32m   f010b5a..837ae9d  master -> master[m[41m[m
:[K[K[32m+[m[32m]0;~/Dropbox/R_projects/r_data_miningMac-di-Andrea:r_data_mining andrea_cirillo$ [KMac-di-Andrea:r_data_mining andrea_cirillo$ git add chapter_13.R[m[41m [m
:[K[K[32m+[m[32m]0;~/Dropbox/R_projects/r_data_miningMac-di-Andrea:r_data_mining andrea_cirillo$ git commit -m [[[[[[[[[[[Kdiff[m
:[K[K\ No newline at end of file[m
:[K[K[1mdiff --git a/.Rproj.user/A16E1F5C/console06/INDEX001 b/.Rproj.user/A16E1F5C/console06/INDEX001[m
:[K[K[1mindex 5748e31..ca7ecc2 100644[m
:[K[K[1m--- a/.Rproj.user/A16E1F5C/console06/INDEX001[m
:[K[K[1m+++ b/.Rproj.user/A16E1F5C/console06/INDEX001[m
:[K[K[36m@@ -1 +1 @@[m
:[K[K[31m-[{"allow_restart":true,"alt_buffer":false,"autoclose":1,"buffered_output":"\n\n\n\n\n\n\n","caption":"Terminal 1","channel_id":"5681","channel_mode":1,"child_procs":false,"cols":111,"cwd":"","exit_code":15,"handle":"15350E2A","interaction_mode":2,"max_output_lines":1000,"restarted":true,"rows":8,"shell_type":7,"show_on_output":false,"terminal_sequence":1,"title":"~/Dropbox/R_projects/r_data_mining","track_env":true,"zombie":false}][m
:[K[K\ No newline at end of file[m
:[K[K[32m+[m[32m[{"allow_restart":true,"alt_buffer":false,"autoclose":1,"buffered_output":"\n\n\n\n\n\n\n\n","caption":"Terminal 1","channel_id":"7999","channel_mode":1,"child_procs":false,"cols":104,"cwd":"~/Dropbox/R_projects/r_data_mining","exit_code":null,"handle":"15350E2A","interaction_mode":2,"max_output_lines":1000,"restarted":true,"rows":14,"shell_type":7,"show_on_output":false,"terminal_sequence":1,"title":"~/Dropbox/R_projects/r_data_mining","track_env":true,"zombie":false}][m
:[K[K\ No newline at end of file[m
:[K[K[K[7m(END)[27m[K[K[K[7m(END)[27m[K[K[?1l>]0;~/Dropbox/R_projects/r_data_miningMac-di-Andrea:r_data_mining andrea_cirillo$ gti[K[Kit commit -m "cel[K[Kleaned graph"
[master 4b2c8da] cleaned graph
 1 file changed, 12 insertions(+), 47 deletions(-)
]0;~/Dropbox/R_projects/r_data_miningMac-di-Andrea:r_data_mining andrea_cirillo$ git push
Counting objects: 3, done.
Delta compression using up to 4 threads.
Compressing objects:  33% (1/3)   Compressing objects:  66% (2/3)   Compressing objects: 100% (3/3)   Compressing objects: 100% (3/3), done.
Writing objects:  33% (1/3)   Writing objects:  66% (2/3)   Writing objects: 100% (3/3)   Writing objects: 100% (3/3), 467 bytes | 0 bytes/s, done.
Total 3 (delta 2), reused 0 (delta 0)
remote: Resolving deltas:   0% (0/2)   [Kremote: Resolving deltas:  50% (1/2)   [Kremote: Resolving deltas: 100% (2/2)   [Kremote: Resolving deltas: 100% (2/2), completed with 2 local objects.[K
To https://github.com/AndreaCirilloAC/r_data_mining.git
   837ae9d..4b2c8da  master -> master
]0;~/Dropbox/R_projects/r_data_miningMac-di-Andrea:r_data_mining andrea_cirillo$ git status
On branch master
Your branch is up-to-date with 'origin/master'.
Changes not staged for commit:
  (use "git add <file>..." to update what will be committed)
  (use "git checkout -- <file>..." to discard changes in working directory)

	[31mmodified:   .Rproj.user/A16E1F5C/console06/15350E2A[m
	[31mmodified:   .Rproj.user/A16E1F5C/console06/INDEX001[m

Untracked files:
  (use "git add <file>..." to include in what will be committed)

	[31m13_barplot_industry.png[m
	[31m13_first_network.png[m
	[31m13_first_word_cloud.png[m
	[31m13_last_network.png[m
	[31m13_second_network.png[m
	[31m13_second_word_cloud.png[m
	[31m13_sentiment_distr.png[m

no changes added to commit (use "git add" and/or "git commit -a")
]0;~/Dropbox/R_projects/r_data_miningMac-di-Andrea:r_data_mining andrea_cirillo$ [KMac-di-Andrea:r_data_mining andrea_cirillo$ [KMac-di-Andrea:r_data_mining andrea_cirillo$ [KMac-di-Andrea:r_data_mining andrea_cirillo$ [KMac-di-Andrea:r_data_mining andrea_cirillo$ git add [Kch[K[K chapter_13.R 
]0;~/Dropbox/R_projects/r_data_miningMac-di-Andrea:r_data_mining andrea_cirillo$ git commit -m "small finetun[K[K[K tuning"
[master 38e00dd] small fine tuning
 1 file changed, 1 insertion(+), 1 deletion(-)
]0;~/Dropbox/R_projects/r_data_miningMac-di-Andrea:r_data_mining andrea_cirillo$ git push
Counting objects: 3, done.
Delta compression using up to 4 threads.
Compressing objects:  33% (1/3)   Compressing objects:  66% (2/3)   Compressing objects: 100% (3/3)   Compressing objects: 100% (3/3), done.
Writing objects:  33% (1/3)   Writing objects:  66% (2/3)   Writing objects: 100% (3/3)   Writing objects: 100% (3/3), 338 bytes | 0 bytes/s, done.
Total 3 (delta 2), reused 0 (delta 0)
remote: Resolving deltas:   0% (0/2)   [Kremote: Resolving deltas:  50% (1/2)   [Kremote: Resolving deltas: 100% (2/2)   [Kremote: Resolving deltas: 100% (2/2), completed with 2 local objects.[K
To https://github.com/AndreaCirilloAC/r_data_mining.git
   4b2c8da..38e00dd  master -> master
]0;~/Dropbox/R_projects/r_data_miningMac-di-Andrea:r_data_mining andrea_cirillo$ git addfi[K[K final_report.Rmd 
]0;~/Dropbox/R_projects/r_data_miningMac-di-Andrea:r_data_mining andrea_cirillo$ git commit -m "final report [K[K[K[K[K[K[K[K[K[K[K[K[Kadded final ri[Keport"
[master fd40cb1] added final report
 1 file changed, 78 insertions(+)
 create mode 100644 final_report.Rmd
]0;~/Dropbox/R_projects/r_data_miningMac-di-Andrea:r_data_mining andrea_cirillo$ git push
Counting objects: 3, done.
Delta compression using up to 4 threads.
Compressing objects:  33% (1/3)   Compressing objects:  66% (2/3)   Compressing objects: 100% (3/3)   Compressing objects: 100% (3/3), done.
Writing objects:  33% (1/3)   Writing objects:  66% (2/3)   Writing objects: 100% (3/3)   Writing objects: 100% (3/3), 1.48 KiB | 0 bytes/s, done.
Total 3 (delta 1), reused 0 (delta 0)
remote: Resolving deltas:   0% (0/1)   [Kremote: Resolving deltas: 100% (1/1)   [Kremote: Resolving deltas: 100% (1/1), completed with 1 local object.[K
To https://github.com/AndreaCirilloAC/r_data_mining.git
   38e00dd..fd40cb1  master -> master
]0;~/Dropbox/R_projects/r_data_miningMac-di-Andrea:r_data_mining andrea_cirillo$ gitaf[K[K add chapter_13.R 
]0;~/Dropbox/R_projects/r_data_miningMac-di-Andrea:r_data_mining andrea_cirillo$ git commit -m "added graph_object fe[K[Kdefinition tonetwork analu ysis[K[K[K[K[A[C[C[C[C[C[C[C[C[C[C[C[C[C[C[C[C[C[C[C[C[C[C[C[C[C[C[C[C[C[C[C[C[C[C[C[C[C[C[C[C[C[C[C[C[C[C[C[C[C[C[C[C[C[C[C[C[C[C[C[C[C[C[C[C[C[C[C[C[C[C[C[C[C[C[C[C[C[C[C[C[C[C[C[C[C[C[C[C[C[C[C[C[C[C[C[C[C[C[C[C[C[C[C[K
[K[A[C[C[C[C[C[C[C[C[C[C[C[C[C[C[C[C[C[C[C[C[C[C[C[C[C[C[C[C[C[C[C[C[C[C[C[C[C[C[C[C[C[C[C[C[C[C[C[C[C[C[C[C[C[C[C[C[C[C[C[C[C[C[C[C[C[C[C[C[C[C[C[C[C[C[C[C[C[C[C[C[C[C[C[C[C[C[C[C[C[C[C[C[C[C[C[C[C[C[C[C[C[C[C[Kly sis"[A[C[C[C[C[C[C[C[C[C[C[C[C[C[C[C[C[C[C[C[C[C[C[C[C[C[C[C[C[C[C[C[C[C[C[C[C[C[C[C[C[C[C[C[Cadd chapter_13.R [K
[K[A[C[C[C[C[C[C[C[C[C[C[C[C[C[C[C[C[C[C[C[C[C[C[C[C[C[C[C[C[C[C[C[C[C[C[C[C[C[C[C[C[C[C[C[C[C[C[C[C[C[C[C[C[C[C[C[C[C[C[C[C[C[C[C[C[Cpush[Kadd chapter_13.R commit -m "added graph_object definition tonetwork analyssis"[A[C[C[C[C[C[C[C[C[C[C[C[C[C[C[C[C[C[C[C[C[C[C[C[C[C[C[C[C[C[C[C[C[C[C[C[C[C[C[C[C[C[C[C[C[C[C[C[C[C[C[C[C[C[C[C[C[C[C[C[C[C[C[C[C[C[C[C[C[C[C[C[C[C[C[C[C[C[C[C[C[C[C[C[C[C[C[C[C[C[C[C[C[C[C[C[C[C[C[C[C[C[C[Cnetwork analysi[1Ps"[A[C[C[C[C[C[C[C[C[C[C[C[C[C[C[C[C[C[C[C[C[C[C[C[C[C[C[C[C[C[C[C[C[C[C[C[C[C[C[C[C[C[C[C[C[C[C[C[C[C[C[C[C[C[C[C[C[C[C[C[C[C[C[C[C[C[C[C[C[C[C[C[C[C[C[C[C[C[C[C[C[C[C[C[C[C[C[Cnetwork analysis[1P"[A[C[C[C[C[C[C[C[C[C[C[C[C[C[C[C[C[C[C[C[C[C[C[C[C[C[C[C[C[C[C[C[C[C[C[C[C[C[C[C[C[C[C[C[C[C[C[C[C[C[C[C[C[C[C[C[C[C[C[C[C[C[C[C[C[C[C[C[C[C[C[C[C[C[C[C[C[C[C[C[C[C[C[C[C[C[C[Ctnetwork analysis"[A[C[C[C[C[C[C[C[C[C[C[C[C[C[C[C[C[C[C[C[C[C[C[C[C[C[C[C[C[C[C[C[C[C[C[C[C[C[C[C[C[C[C[C[C[C[C[C[C[C[C[C[C[C[C[C[C[C[C[C[C[C[C[C[C[C[C[C[C[C[C[C[C[C[C[C[C[C[C[C[C[C[C[C[C[C[C[Conetwork analysis"[A[C[C[C[C[C[C[C[C[C[C[C[C[C[C[C[C[C[C[C[C[C[C[C[C[C[C[C[C[C[C[C[C[C[C[C[C[C[C[C[C[C[C[C[C[C[C[C[C[C[C[C[C[C[C[C[C[C[C[C[C[C[C[C[C[C[C[C[C[C[C[C[C[C[C[C[C[C[C[C[C[C[C[C[C[C[C[C network analysis"[A[C[C[C[C[C[C[C[C[C[C[C[C[C[C[C[C[C[C[C[C[C[C[C[C[C[C[C[C[C[C[C[C[C[C[C[C[C[C[C[C[C[C[C[C[C[C[C[C[C[C[C[C[C[C[C[C[C[C[C[C[C[C[C[C[C[C[C[C[C[C[C[C[C[C[C[C[C[C[C[C[C[C[C[C[C[C[C

[master bcbddc7] added graph_object definition to network analysis
 1 file changed, 25 insertions(+), 22 deletions(-)
]0;~/Dropbox/R_projects/r_data_miningMac-di-Andrea:r_data_mining andrea_cirillo$ git pish[K[K[Kush
Counting objects: 3, done.
Delta compression using up to 4 threads.
Compressing objects:  33% (1/3)   Compressing objects:  66% (2/3)   Compressing objects: 100% (3/3)   Compressing objects: 100% (3/3), done.
Writing objects:  33% (1/3)   Writing objects:  66% (2/3)   Writing objects: 100% (3/3)   Writing objects: 100% (3/3), 446 bytes | 0 bytes/s, done.
Total 3 (delta 2), reused 0 (delta 0)
remote: Resolving deltas:   0% (0/2)   [Kremote: Resolving deltas:  50% (1/2)   [Kremote: Resolving deltas: 100% (2/2)   [Kremote: Resolving deltas: 100% (2/2), completed with 2 local objects.[K
To https://github.com/AndreaCirilloAC/r_data_mining.git
   fd40cb1..bcbddc7  master -> master
]0;~/Dropbox/R_projects/r_data_miningMac-di-Andrea:r_data_mining andrea_cirillo$ git final_report.Rmd 
git: 'final_report.Rmd' is not a git command. See 'git --help'.
]0;~/Dropbox/R_projects/r_data_miningMac-di-Andrea:r_data_mining andrea_cirillo$ git [K[K[K[Kgit final_report.Rmd [C[C[C[C[1@ [1@a[1@d[1@d
]0;~/Dropbox/R_projects/r_data_miningMac-di-Andrea:r_data_mining andrea_cirillo$ git commit -m "base version of [K[K[K[K[K[K[K[K[K[K[K[K[K[K[K[K[K[K[K[K[K[K[K[K[K[K[K[K[K[K[Krm aèè[K[Kpp.r
]0;~/Dropbox/R_projects/r_data_miningMac-di-Andrea:r_data_mining andrea_cirillo$ git ass [K[K[Kdd -[Kfinal_report.Rmd 
]0;~/Dropbox/R_projects/r_data_miningMac-di-Andrea:r_data_mining andrea_cirillo$ git commit -m "base"[K bersion[K[K[K[K[K[K[Kversion"
[master fc86c2d] base version
 1 file changed, 117 insertions(+), 3 deletions(-)
]0;~/Dropbox/R_projects/r_data_miningMac-di-Andrea:r_data_mining andrea_cirillo$ git push
Counting objects: 3, done.
Delta compression using up to 4 threads.
Compressing objects:  33% (1/3)   Compressing objects:  66% (2/3)   Compressing objects: 100% (3/3)   Compressing objects: 100% (3/3), done.
Writing objects:  33% (1/3)   Writing objects:  66% (2/3)   Writing objects: 100% (3/3)   Writing objects: 100% (3/3), 2.33 KiB | 0 bytes/s, done.
Total 3 (delta 1), reused 0 (delta 0)
remote: Resolving deltas:   0% (0/1)   [Kremote: Resolving deltas: 100% (1/1)   [Kremote: Resolving deltas: 100% (1/1), completed with 1 local object.[K
gTo https://github.com/AndreaCirilloAC/r_data_mining.git
   bcbddc7..fc86c2d  master -> master
]0;~/Dropbox/R_projects/r_data_miningMac-di-Andrea:r_data_mining andrea_cirillo$ git add -[Kchapter_14.R 
]0;~/Dropbox/R_projects/r_data_miningMac-di-Andrea:r_data_mining andrea_cirillo$ git commit -m "ini[K[K[Kbase app[K[K[Kshinya[K app"
[master fe1c5ac] base shiny app
 1 file changed, 14 insertions(+)
 create mode 100644 chapter_14.R
]0;~/Dropbox/R_projects/r_data_miningMac-di-Andrea:r_data_mining andrea_cirillo$ git push
Counting objects: 3, done.
Delta compression using up to 4 threads.
Compressing objects:  33% (1/3)   Compressing objects:  66% (2/3)   Compressing objects: 100% (3/3)   Compressing objects: 100% (3/3), done.
Writing objects:  33% (1/3)   Writing objects:  66% (2/3)   Writing objects: 100% (3/3)   Writing objects: 100% (3/3), 456 bytes | 0 bytes/s, done.
Total 3 (delta 1), reused 0 (delta 0)
remote: Resolving deltas:   0% (0/1)   [Kremote: Resolving deltas: 100% (1/1)   [Kremote: Resolving deltas: 100% (1/1), completed with 1 local object.[K
To https://github.com/AndreaCirilloAC/r_data_mining.git
   fc86c2d..fe1c5ac  master -> master
]0;~/Dropbox/R_projects/r_data_miningMac-di-Andrea:r_data_mining andrea_cirillo$ git pushcommit -m "base shiny app"[9Padd chapter_14.R 
]0;~/Dropbox/R_projects/r_data_miningMac-di-Andrea:r_data_mining andrea_cirillo$ git add chapter_14.R push[Kcommit -m "base shiny app"[1P"[1P"[1P"[1P"[1P"[1P"[1P"[1P"[1P"[1P"[1P"[1P"[1P"[1P"s"i"m"p"l"i"f"i"e"d" "a"p"p"[1P"[1P"[1P"[1P"[1P"[1P"e"d" "s"e"r"v"e"r" "s"i"d"e"
[master 95277f8] simplified server side
 1 file changed, 4 insertions(+), 4 deletions(-)
]0;~/Dropbox/R_projects/r_data_miningMac-di-Andrea:r_data_mining andrea_cirillo$ git sp[K[Kpush
Counting objects: 3, done.
Delta compression using up to 4 threads.
Compressing objects:  33% (1/3)   Compressing objects:  66% (2/3)   Compressing objects: 100% (3/3)   Compressing objects: 100% (3/3), done.
Writing objects:  33% (1/3)   Writing objects:  66% (2/3)   Writing objects: 100% (3/3)   Writing objects: 100% (3/3), 355 bytes | 0 bytes/s, done.
Total 3 (delta 2), reused 0 (delta 0)
remote: Resolving deltas:   0% (0/2)   [Kremote: Resolving deltas:  50% (1/2)   [Kremote: Resolving deltas: 100% (2/2)   [Kremote: Resolving deltas: 100% (2/2), completed with 2 local objects.[K
To https://github.com/AndreaCirilloAC/r_data_mining.git
   fe1c5ac..95277f8  master -> master
]0;~/Dropbox/R_projects/r_data_miningMac-di-Andrea:r_data_mining andrea_cirillo$ git add chapter_14.R 
]0;~/Dropbox/R_projects/r_data_miningMac-di-Andrea:r_data_mining andrea_cirillo$ git commit -m "added data lineage module"
On branch master
Your branch is up-to-date with 'origin/master'.
Changes not staged for commit:
	[31mmodified:   .Rproj.user/A16E1F5C/console06/15350E2A[m
	[31mmodified:   .Rproj.user/A16E1F5C/console06/INDEX001[m
	[31mmodified:   .Rproj.user/A16E1F5C/sources/prop/INDEX[m
	[31mmodified:   final_report.Rmd[m

Untracked files:
	[31m13_barplot_industry.png[m
	[31m13_first_network.png[m
	[31m13_first_word_cloud.png[m
	[31m13_last_network.png[m
	[31m13_second_network.png[m
	[31m13_second_word_cloud.png[m
	[31m13_sentiment_distr.png[m
	[31mdata/corpus.rdata[m

no changes added to commit
]0;~/Dropbox/R_projects/r_data_miningMac-di-Andrea:r_data_mining andrea_cirillo$ git pu[K[K[K[K[K[Kgi[K[Kgit add chapter_14.R 
]0;~/Dropbox/R_projects/r_data_miningMac-di-Andrea:r_data_mining andrea_cirillo$ git add chapter_14.R commit -m "added data lineage module"
On branch master
Your branch is up-to-date with 'origin/master'.
Changes not staged for commit:
	[31mmodified:   .Rproj.user/A16E1F5C/console06/15350E2A[m
	[31mmodified:   .Rproj.user/A16E1F5C/console06/INDEX001[m
	[31mmodified:   .Rproj.user/A16E1F5C/sources/prop/INDEX[m
	[31mmodified:   final_report.Rmd[m

Untracked files:
	[31m13_barplot_industry.png[m
	[31m13_first_network.png[m
	[31m13_first_word_cloud.png[m
	[31m13_last_network.png[m
	[31m13_second_network.png[m
	[31m13_second_word_cloud.png[m
	[31m13_sentiment_distr.png[m
	[31mdata/corpus.rdata[m

no changes added to commit
]0;~/Dropbox/R_projects/r_data_miningMac-di-Andrea:r_data_mining andrea_cirillo$ git commit -m "added data lineage module"[Kgit add final_report.Rmd 
]0;~/Dropbox/R_projects/r_data_miningMac-di-Andrea:r_data_mining andrea_cirillo$ git add final_report.Rmd commit -m "added data lineage module"
[master a2b0125] added data lineage module
 1 file changed, 15 insertions(+), 38 deletions(-)
]0;~/Dropbox/R_projects/r_data_miningMac-di-Andrea:r_data_mining andrea_cirillo$ git push
Counting objects: 3, done.
Delta compression using up to 4 threads.
Compressing objects:  33% (1/3)   Compressing objects:  66% (2/3)   Compressing objects: 100% (3/3)   Compressing objects: 100% (3/3), done.
Writing objects:  33% (1/3)   Writing objects:  66% (2/3)   Writing objects: 100% (3/3)   Writing objects: 100% (3/3), 642 bytes | 0 bytes/s, done.
Total 3 (delta 2), reused 0 (delta 0)
remote: Resolving deltas:   0% (0/2)   [Kremote: Resolving deltas:  50% (1/2)   [Kremote: Resolving deltas: 100% (2/2)   [Kremote: Resolving deltas: 100% (2/2), completed with 2 local objects.[K
To https://github.com/AndreaCirilloAC/r_data_mining.git
   95277f8..a2b0125  master -> master
]0;~/Dropbox/R_projects/r_data_miningMac-di-Andrea:r_data_mining andrea_cirillo$ git add final_report.Rmd 
]0;~/Dropbox/R_projects/r_data_miningMac-di-Andrea:r_data_mining andrea_cirillo$ git commit -m "final version"
[master 3732a96] final version
 1 file changed, 25 insertions(+), 6 deletions(-)
]0;~/Dropbox/R_projects/r_data_miningMac-di-Andrea:r_data_mining andrea_cirillo$ git push
Counting objects: 3, done.
Delta compression using up to 4 threads.
Compressing objects:  33% (1/3)   Compressing objects:  66% (2/3)   Compressing objects: 100% (3/3)   Compressing objects: 100% (3/3), done.
Writing objects:  33% (1/3)   Writing objects:  66% (2/3)   Writing objects: 100% (3/3)   Writing objects: 100% (3/3), 918 bytes | 0 bytes/s, done.
Total 3 (delta 2), reused 0 (delta 0)
remote: Resolving deltas:   0% (0/2)   [Kremote: Resolving deltas:  50% (1/2)   [Kremote: Resolving deltas: 100% (2/2)   [Kremote: Resolving deltas: 100% (2/2), completed with 2 local objects.[K
To https://github.com/AndreaCirilloAC/r_data_mining.git
   a2b0125..3732a96  master -> master
]0;~/Dropbox/R_projects/r_data_miningMac-di-Andrea:r_data_mining andrea_cirillo$ git sat[K[Ktatus
On branch master
Your branch is up-to-date with 'origin/master'.
Changes not staged for commit:
  (use "git add <file>..." to update what will be committed)
  (use "git checkout -- <file>..." to discard changes in working directory)

	[31mmodified:   .Rproj.user/A16E1F5C/console06/15350E2A[m
	[31mmodified:   .Rproj.user/A16E1F5C/console06/INDEX001[m
	[31mmodified:   .Rproj.user/A16E1F5C/sources/prop/INDEX[m

Untracked files:
  (use "git add <file>..." to include in what will be committed)

	[31m13_barplot_industry.png[m
	[31m13_first_network.png[m
	[31m13_first_word_cloud.png[m
	[31m13_last_network.png[m
	[31m13_second_network.png[m
	[31m13_second_word_cloud.png[m
	[31m13_sentiment_distr.png[m
	[31mdata/corpus.rdata[m

no changes added to commit (use "git add" and/or "git commit -a")
]0;~/Dropbox/R_projects/r_data_miningMac-di-Andrea:r_data_mining andrea_cirillo$ [KMac-di-Andrea:r_data_mining andrea_cirillo$ [KMac-di-Andrea:r_data_mining andrea_cirillo$ git add data/corpus.rdata 
]0;~/Dropbox/R_projects/r_data_miningMac-di-Andrea:r_data_mining andrea_cirillo$ gt[Kit a[Kcommit -m "coru[Kpo[Kus data set to be employed within the rep [A[C[C[C[C[C[C[C[C[C[C[C[C[C[C[C[C[C[C[C[C[C[C[C[C[C[C[C[C[C[C[C[C[C[C[C[C[C[C[C[C[C[C[C[C[C[C[C[C[C[C[C[C[C[C[C[C[C[C[C[C[C[C[C[C[C[C[C[C[C[C[C[C[C[C[C[C[C[C[C[C[C[C[C[C[C[C[C[C[C[C[C[C[C[C[C[C[C[C[C[C[C[C[C[K
[K[A[C[C[C[C[C[C[C[C[C[C[C[C[C[C[C[C[C[C[C[C[C[C[C[C[C[C[C[C[C[C[C[C[C[C[C[C[C[C[C[C[C[C[C[C[C[C[C[C[C[C[C[C[C[C[C[C[C[C[C[C[C[C[C[C[C[C[C[C[C[C[C[C[C[C[C[C[C[C[C[C[C[C[C[C[C[C[C[C[C[C[C[C[C[C[C[C[C[C[C[C[C[C[C[Krm d[K[A[C[C[C[C[C[C[C[C[C[C[C[C[C[C[C[C[C[C[C[C[C[C[C[C[C[C[C[C[C[C[C[C[C[C[C[C[C[C[C[C[C[C[C[C[C[C[C[C[C[C[C[C[C[C[C[C[C[C[C[C[C[C[C[C[C[C[C[C[C[C[C[C[C[C[C[C[C[C[C[C[C[C[C[C[C[C[C[C[C[C[C[C[C[C[C[C[C[C[C[C[C[C[C[K
[K[A[C[C[C[C[C[C[C[C[C[C[C[C[C[C[C[C[C[C[C[C[C[C[C[C[C[C[C[C[C[C[C[C[C[C[C[C[C[C[C[C[C[C[C[C[C[C[C[C[C[C[C[C[C[C[C[C[C[C[C[C[C[C[C[C[C[C[C[C[C[C[C[C[C[C[C[C[C[C[C[C[C[C[C[C[C[C[C[C[C[C[C[C[C[C[C[C[C[C[C[C[C[C[C[Kmd  report"
[master 841febf] corpus data set to be employed within the rmd report
 1 file changed, 0 insertions(+), 0 deletions(-)
 create mode 100644 data/corpus.rdata
]0;~/Dropbox/R_projects/r_data_miningMac-di-Andrea:r_data_mining andrea_cirillo$ git push
Counting objects: 4, done.
Delta compression using up to 4 threads.
Compressing objects:  25% (1/4)   Compressing objects:  50% (2/4)   Compressing objects:  75% (3/4)   Compressing objects: 100% (4/4)   Compressing objects: 100% (4/4), done.
Writing objects:  25% (1/4)   Writing objects:  50% (2/4)   Writing objects:  75% (3/4)   Writing objects: 100% (4/4)   Writing objects: 100% (4/4), 7.18 KiB | 0 bytes/s, done.
Total 4 (delta 2), reused 0 (delta 0)
remote: Resolving deltas:   0% (0/2)   [Kremote: Resolving deltas:  50% (1/2)   [Kremote: Resolving deltas: 100% (2/2)   [Kremote: Resolving deltas: 100% (2/2), completed with 2 local objects.[K
To https://github.com/AndreaCirilloAC/r_data_mining.git
   3732a96..841febf  master -> master
]0;~/Dropbox/R_projects/r_data_miningMac-di-Andrea:r_data_mining andrea_cirillo$ git status
On branch master
Your branch is up-to-date with 'origin/master'.
Changes not staged for commit:
  (use "git add/rm <file>..." to update what will be committed)
  (use "git checkout -- <file>..." to discard changes in working directory)

	[31mmodified:   .Rproj.user/A16E1F5C/console06/15350E2A[m
	[31mmodified:   .Rproj.user/A16E1F5C/console06/INDEX001[m
	[31mmodified:   .Rproj.user/A16E1F5C/sources/prop/INDEX[m
	[31mdeleted:    11_defaulted_list_mail.png[m
	[31mdeleted:    11_importance_predictors.png[m
	[31mdeleted:    11_models precision.png[m
	[31mdeleted:    11_models_precision.png[m
	[31mdeleted:    11_random_forest.png[m

no changes added to commit (use "git add" and/or "git commit -a")
]0;~/Dropbox/R_projects/r_data_miningMac-di-Andrea:r_data_mining andrea_cirillo$ git add -A